Archive member included to satisfy reference by file (symbol)

C:/Users/uu0132127/.pico-sdk/toolchain/13_2_Rel1/bin/../lib/gcc/arm-none-eabi/13.2.1/thumb/v6-m/nofp\libgcc.a(_dvmd_tls.o)
                              CMakeFiles/week1_uart.dir/C_/Users/uu0132127/.pico-sdk/sdk/1.5.1/src/rp2_common/pico_divider/divider.S.obj (__aeabi_idiv0)
C:/Users/uu0132127/.pico-sdk/toolchain/13_2_Rel1/bin/../lib/gcc/arm-none-eabi/13.2.1/thumb/v6-m/nofp\libg.a(libc_a-calloc.o)
                              CMakeFiles/week1_uart.dir/C_/Users/uu0132127/.pico-sdk/sdk/1.5.1/src/rp2_common/pico_malloc/pico_malloc.c.obj (calloc)
C:/Users/uu0132127/.pico-sdk/toolchain/13_2_Rel1/bin/../lib/gcc/arm-none-eabi/13.2.1/thumb/v6-m/nofp\libg.a(libc_a-callocr.o)
                              C:/Users/uu0132127/.pico-sdk/toolchain/13_2_Rel1/bin/../lib/gcc/arm-none-eabi/13.2.1/thumb/v6-m/nofp\libg.a(libc_a-calloc.o) (_calloc_r)
C:/Users/uu0132127/.pico-sdk/toolchain/13_2_Rel1/bin/../lib/gcc/arm-none-eabi/13.2.1/thumb/v6-m/nofp\libg.a(libc_a-malloc.o)
                              CMakeFiles/week1_uart.dir/C_/Users/uu0132127/.pico-sdk/sdk/1.5.1/src/rp2_common/pico_malloc/pico_malloc.c.obj (malloc)
C:/Users/uu0132127/.pico-sdk/toolchain/13_2_Rel1/bin/../lib/gcc/arm-none-eabi/13.2.1/thumb/v6-m/nofp\libg.a(libc_a-mallocr.o)
                              C:/Users/uu0132127/.pico-sdk/toolchain/13_2_Rel1/bin/../lib/gcc/arm-none-eabi/13.2.1/thumb/v6-m/nofp\libg.a(libc_a-callocr.o) (_malloc_r)
C:/Users/uu0132127/.pico-sdk/toolchain/13_2_Rel1/bin/../lib/gcc/arm-none-eabi/13.2.1/thumb/v6-m/nofp\libg.a(libc_a-mlock.o)
                              C:/Users/uu0132127/.pico-sdk/toolchain/13_2_Rel1/bin/../lib/gcc/arm-none-eabi/13.2.1/thumb/v6-m/nofp\libg.a(libc_a-mallocr.o) (__malloc_lock)
C:/Users/uu0132127/.pico-sdk/toolchain/13_2_Rel1/bin/../lib/gcc/arm-none-eabi/13.2.1/thumb/v6-m/nofp\libg.a(libc_a-realloc.o)
                              CMakeFiles/week1_uart.dir/C_/Users/uu0132127/.pico-sdk/sdk/1.5.1/src/rp2_common/pico_malloc/pico_malloc.c.obj (realloc)
C:/Users/uu0132127/.pico-sdk/toolchain/13_2_Rel1/bin/../lib/gcc/arm-none-eabi/13.2.1/thumb/v6-m/nofp\libg.a(libc_a-reallocr.o)
                              C:/Users/uu0132127/.pico-sdk/toolchain/13_2_Rel1/bin/../lib/gcc/arm-none-eabi/13.2.1/thumb/v6-m/nofp\libg.a(libc_a-realloc.o) (_realloc_r)
C:/Users/uu0132127/.pico-sdk/toolchain/13_2_Rel1/bin/../lib/gcc/arm-none-eabi/13.2.1/thumb/v6-m/nofp\libg.a(libc_a-memmove.o)
                              C:/Users/uu0132127/.pico-sdk/toolchain/13_2_Rel1/bin/../lib/gcc/arm-none-eabi/13.2.1/thumb/v6-m/nofp\libg.a(libc_a-reallocr.o) (memmove)
C:/Users/uu0132127/.pico-sdk/toolchain/13_2_Rel1/bin/../lib/gcc/arm-none-eabi/13.2.1/thumb/v6-m/nofp\libg.a(libc_a-impure.o)
                              C:/Users/uu0132127/.pico-sdk/toolchain/13_2_Rel1/bin/../lib/gcc/arm-none-eabi/13.2.1/thumb/v6-m/nofp\libg.a(libc_a-calloc.o) (_impure_ptr)
C:/Users/uu0132127/.pico-sdk/toolchain/13_2_Rel1/bin/../lib/gcc/arm-none-eabi/13.2.1/thumb/v6-m/nofp\libg.a(libc_a-sbrkr.o)
                              C:/Users/uu0132127/.pico-sdk/toolchain/13_2_Rel1/bin/../lib/gcc/arm-none-eabi/13.2.1/thumb/v6-m/nofp\libg.a(libc_a-mallocr.o) (_sbrk_r)
C:/Users/uu0132127/.pico-sdk/toolchain/13_2_Rel1/bin/../lib/gcc/arm-none-eabi/13.2.1/thumb/v6-m/nofp\libg.a(libc_a-errno.o)
                              C:/Users/uu0132127/.pico-sdk/toolchain/13_2_Rel1/bin/../lib/gcc/arm-none-eabi/13.2.1/thumb/v6-m/nofp\libg.a(libc_a-callocr.o) (__errno)
C:/Users/uu0132127/.pico-sdk/toolchain/13_2_Rel1/bin/../lib/gcc/arm-none-eabi/13.2.1/thumb/v6-m/nofp\libg.a(libc_a-init.o)
                              C:/Users/uu0132127/.pico-sdk/toolchain/13_2_Rel1/bin/../lib/gcc/arm-none-eabi/13.2.1/thumb/v6-m/nofp/crt0.o (__libc_init_array)
C:/Users/uu0132127/.pico-sdk/toolchain/13_2_Rel1/bin/../lib/gcc/arm-none-eabi/13.2.1/thumb/v6-m/nofp\libg.a(libc_a-lock.o)
                              C:/Users/uu0132127/.pico-sdk/toolchain/13_2_Rel1/bin/../lib/gcc/arm-none-eabi/13.2.1/thumb/v6-m/nofp\libg.a(libc_a-mlock.o) (__retarget_lock_acquire_recursive)
C:/Users/uu0132127/.pico-sdk/toolchain/13_2_Rel1/bin/../lib/gcc/arm-none-eabi/13.2.1/thumb/v6-m/nofp\libg.a(libc_a-sysconf.o)
                              C:/Users/uu0132127/.pico-sdk/toolchain/13_2_Rel1/bin/../lib/gcc/arm-none-eabi/13.2.1/thumb/v6-m/nofp\libg.a(libc_a-mallocr.o) (sysconf)
C:/Users/uu0132127/.pico-sdk/toolchain/13_2_Rel1/bin/../lib/gcc/arm-none-eabi/13.2.1/thumb/v6-m/nofp\libg.a(libc_a-strlen-stub.o)
                              CMakeFiles/week1_uart.dir/C_/Users/uu0132127/.pico-sdk/sdk/1.5.1/src/rp2_common/pico_stdio/stdio.c.obj (strlen)
C:/Users/uu0132127/.pico-sdk/toolchain/13_2_Rel1/bin/../lib/gcc/arm-none-eabi/13.2.1/thumb/v6-m/nofp\libg.a(libc_a-freer.o)
                              C:/Users/uu0132127/.pico-sdk/toolchain/13_2_Rel1/bin/../lib/gcc/arm-none-eabi/13.2.1/thumb/v6-m/nofp\libg.a(libc_a-malloc.o) (_free_r)
[...]
Memory Configuration

Name             Origin             Length             Attributes
FLASH            0x10000000         0x00200000         xr
RAM              0x20000000         0x00040000         xrw
SCRATCH_X        0x20040000         0x00001000         xrw
SCRATCH_Y        0x20041000         0x00001000         xrw
*default*        0x00000000         0xffffffff

Linker script and memory map

LOAD C:/Users/uu0132127/.pico-sdk/toolchain/13_2_Rel1/bin/../lib/gcc/arm-none-eabi/13.2.1/thumb/v6-m/nofp/crti.o
LOAD C:/Users/uu0132127/.pico-sdk/toolchain/13_2_Rel1/bin/../lib/gcc/arm-none-eabi/13.2.1/thumb/v6-m/nofp/crtbegin.o
LOAD C:/Users/uu0132127/.pico-sdk/toolchain/13_2_Rel1/bin/../lib/gcc/arm-none-eabi/13.2.1/thumb/v6-m/nofp/crt0.o

.flash_begin    0x10000000        0x0
                0x10000000                        __flash_binary_start = .

.boot2          0x10000000      0x100
                0x10000000                        __boot2_start__ = .
 *(.boot2)
 .boot2         0x10000000      0x100 C:\Users\UU0132~1\AppData\Local\Temp\cc6TFnhR.o
                0x10000100                        __boot2_end__ = .
                0x00000001                        ASSERT (((__boot2_end__ - __boot2_start__) == 0x100), ERROR: Pico second stage bootloader must be 256 bytes in size)

.text           0x10000100     0x4250
                0x10000100                        __logical_binary_start = .
 *(.vectors)
 .vectors       0x10000100       0xd4 CMakeFiles/week1_uart.dir/C_/Users/uu0132127/.pico-sdk/sdk/1.5.1/src/rp2_common/pico_standard_link/crt0.S.obj
                0x10000100                __VECTOR_TABLE
                0x10000100                __vectors
                0x100001c0                isr_invalid
                0x100001c0                __default_isrs_start
                0x100001c2                isr_nmi
                0x100001c4                isr_hardfault
                0x100001c6                isr_svcall
                0x100001c8                isr_pendsv
                0x100001ca                isr_systick
                0x100001cc                isr_irq23
                0x100001cc                isr_irq18
                0x100001cc                isr_irq11
                0x100001cc                isr_irq28
                0x100001cc                isr_irq19
                0x100001cc                isr_irq0
                0x100001cc                isr_irq6
                0x100001cc                isr_irq5
                0x100001cc                isr_irq12
                0x100001cc                isr_irq22
                0x100001cc                isr_irq31
                0x100001cc                isr_irq17
                0x100001cc                isr_irq27
                0x100001cc                isr_irq30
                0x100001cc                isr_irq2
                0x100001cc                isr_irq10
                0x100001cc                isr_irq8
                0x100001cc                isr_irq24
                0x100001cc                isr_irq1
                0x100001cc                isr_irq7
                0x100001cc                isr_irq21
                0x100001cc                isr_irq20
                0x100001cc                isr_irq15
                0x100001cc                isr_irq25
                0x100001cc                isr_irq13
                0x100001cc                __unhandled_user_irq
                0x100001cc                isr_irq4
                0x100001cc                isr_irq16
                0x100001cc                isr_irq29
                0x100001cc                isr_irq26
                0x100001cc                __default_isrs_end
                0x100001cc                isr_irq3
                0x100001cc                isr_irq14
                0x100001cc                isr_irq9
                0x100001d2                unhandled_user_irq_num_in_r0
 *(.binary_info_header)
 .binary_info_header
                0x100001d4       0x14 CMakeFiles/week1_uart.dir/C_/Users/uu0132127/.pico-sdk/sdk/1.5.1/src/rp2_common/pico_standard_link/crt0.S.obj
                0x100001e8                        __binary_info_header_end = .
 *(.reset)
 .reset         0x100001e8       0xa0 CMakeFiles/week1_uart.dir/C_/Users/uu0132127/.pico-sdk/sdk/1.5.1/src/rp2_common/pico_standard_link/crt0.S.obj
                0x100001e8                _entry_point
 .reset         0x10000288       0x30 CMakeFiles/week1_uart.dir/C_/Users/uu0132127/.pico-sdk/sdk/1.5.1/src/rp2_common/pico_standard_link/binary_info.c.obj
 *(.init)
 .init          0x100002b8        0x4 C:/Users/uu0132127/.pico-sdk/toolchain/13_2_Rel1/bin/../lib/gcc/arm-none-eabi/13.2.1/thumb/v6-m/nofp/crti.o
                0x100002b8                _init
 *(EXCLUDE_FILE(*libm.a: *libc.a:*lib_a-mem*.o *libgcc.a:) .text*)
 .text.register_tm_clones
                0x100002bc       0x28 C:/Users/uu0132127/.pico-sdk/toolchain/13_2_Rel1/bin/../lib/gcc/arm-none-eabi/13.2.1/thumb/v6-m/nofp/crtbegin.o
 .text.frame_dummy
                0x100002e4       0x24 C:/Users/uu0132127/.pico-sdk/toolchain/13_2_Rel1/bin/../lib/gcc/arm-none-eabi/13.2.1/thumb/v6-m/nofp/crtbegin.o
 .text.uart_putc
                0x10000308       0x60 CMakeFiles/week1_uart.dir/week1_uart.c.obj
 .text.uart_puts
                0x10000368       0x4a CMakeFiles/week1_uart.dir/week1_uart.c.obj
 *fill*         0x100003b2        0x2 
 .text.main     0x100003b4       0x38 CMakeFiles/week1_uart.dir/week1_uart.c.obj
                0x100003b4                main
 .text.gpio_set_function
                0x100003ec       0x30 CMakeFiles/week1_uart.dir/C_/Users/uu0132127/.pico-sdk/sdk/1.5.1/src/rp2_common/hardware_gpio/gpio.c.obj
                0x100003ec                gpio_set_function
 .text.running_on_fpga
                0x1000041c       0x14 CMakeFiles/week1_uart.dir/C_/Users/uu0132127/.pico-sdk/sdk/1.5.1/src/rp2_common/pico_platform/platform.c.obj
                0x1000041c                running_on_fpga
 .text.hw_claim_lock
                0x10000430       0x18 CMakeFiles/week1_uart.dir/C_/Users/uu0132127/.pico-sdk/sdk/1.5.1/src/rp2_common/hardware_claim/claim.c.obj
                0x10000430                hw_claim_lock
 .text.hw_claim_unlock
                0x10000448       0x14 CMakeFiles/week1_uart.dir/C_/Users/uu0132127/.pico-sdk/sdk/1.5.1/src/rp2_common/hardware_claim/claim.c.obj
                0x10000448                hw_claim_unlock
 .text.hw_claim_or_assert
                0x1000045c       0x32 CMakeFiles/week1_uart.dir/C_/Users/uu0132127/.pico-sdk/sdk/1.5.1/src/rp2_common/hardware_claim/claim.c.obj
                0x1000045c                hw_claim_or_assert
 *fill*         0x1000048e        0x2 
 .text.spin_locks_reset
                0x10000490       0x20 CMakeFiles/week1_uart.dir/C_/Users/uu0132127/.pico-sdk/sdk/1.5.1/src/rp2_common/hardware_sync/sync.c.obj
                0x10000490                spin_locks_reset
 .text.next_striped_spin_lock_num
                0x100004b0       0x1c CMakeFiles/week1_uart.dir/C_/Users/uu0132127/.pico-sdk/sdk/1.5.1/src/rp2_common/hardware_sync/sync.c.obj
                0x100004b0                next_striped_spin_lock_num
 .text.set_raw_irq_handler_and_unlock
                0x100004cc       0x28 CMakeFiles/week1_uart.dir/C_/Users/uu0132127/.pico-sdk/sdk/1.5.1/src/rp2_common/hardware_irq/irq.c.obj
 .text.resolve_branch
                0x100004f4       0x30 CMakeFiles/week1_uart.dir/C_/Users/uu0132127/.pico-sdk/sdk/1.5.1/src/rp2_common/hardware_irq/irq.c.obj
 .text.make_branch
                0x10000524       0x48 CMakeFiles/week1_uart.dir/C_/Users/uu0132127/.pico-sdk/sdk/1.5.1/src/rp2_common/hardware_irq/irq.c.obj
 .text.insert_branch_and_link
                0x1000056c       0x40 CMakeFiles/week1_uart.dir/C_/Users/uu0132127/.pico-sdk/sdk/1.5.1/src/rp2_common/hardware_irq/irq.c.obj
 .text.irq_is_enabled
                0x100005ac       0x18 CMakeFiles/week1_uart.dir/C_/Users/uu0132127/.pico-sdk/sdk/1.5.1/src/rp2_common/hardware_irq/irq.c.obj
                0x100005ac                irq_is_enabled
 .text.irq_set_mask_enabled
                0x100005c4       0x20 CMakeFiles/week1_uart.dir/C_/Users/uu0132127/.pico-sdk/sdk/1.5.1/src/rp2_common/hardware_irq/irq.c.obj
                0x100005c4                irq_set_mask_enabled
 .text.irq_set_enabled
                0x100005e4        0xe CMakeFiles/week1_uart.dir/C_/Users/uu0132127/.pico-sdk/sdk/1.5.1/src/rp2_common/hardware_irq/irq.c.obj
                0x100005e4                irq_set_enabled
 *fill*         0x100005f2        0x2 
 .text.irq_get_vtable_handler
                0x100005f4       0x10 CMakeFiles/week1_uart.dir/C_/Users/uu0132127/.pico-sdk/sdk/1.5.1/src/rp2_common/hardware_irq/irq.c.obj
                0x100005f4                irq_get_vtable_handler
 .text.irq_set_exclusive_handler
                0x10000604       0x54 CMakeFiles/week1_uart.dir/C_/Users/uu0132127/.pico-sdk/sdk/1.5.1/src/rp2_common/hardware_irq/irq.c.obj
                0x10000604                irq_set_exclusive_handler
 .text.irq_remove_handler
                0x10000658      0x188 CMakeFiles/week1_uart.dir/C_/Users/uu0132127/.pico-sdk/sdk/1.5.1/src/rp2_common/hardware_irq/irq.c.obj
                0x10000658                irq_remove_handler
 .text.irq_add_tail_to_free_list
                0x100007e0       0xf0 CMakeFiles/week1_uart.dir/C_/Users/uu0132127/.pico-sdk/sdk/1.5.1/src/rp2_common/hardware_irq/irq.c.obj
                0x100007e0                irq_add_tail_to_free_list
 .text.irq_init_priorities
                0x100008d0       0x1c CMakeFiles/week1_uart.dir/C_/Users/uu0132127/.pico-sdk/sdk/1.5.1/src/rp2_common/hardware_irq/irq.c.obj
                0x100008d0                irq_init_priorities
 .text.lock_init
                0x100008ec       0x10 CMakeFiles/week1_uart.dir/C_/Users/uu0132127/.pico-sdk/sdk/1.5.1/src/common/pico_sync/lock_core.c.obj
                0x100008ec                lock_init
 .text.mutex_init
                0x100008fc       0x1a CMakeFiles/week1_uart.dir/C_/Users/uu0132127/.pico-sdk/sdk/1.5.1/src/common/pico_sync/mutex.c.obj
                0x100008fc                mutex_init
 .text.recursive_mutex_init
                0x10000916       0x1e CMakeFiles/week1_uart.dir/C_/Users/uu0132127/.pico-sdk/sdk/1.5.1/src/common/pico_sync/mutex.c.obj
                0x10000916                recursive_mutex_init
 .text.time_reached
                0x10000934       0x28 CMakeFiles/week1_uart.dir/C_/Users/uu0132127/.pico-sdk/sdk/1.5.1/src/common/pico_time/time.c.obj
 .text.get_entry
                0x1000095c       0x38 CMakeFiles/week1_uart.dir/C_/Users/uu0132127/.pico-sdk/sdk/1.5.1/src/common/pico_time/time.c.obj
 .text.timer_pool_entry_comparator
                0x10000994       0x2e CMakeFiles/week1_uart.dir/C_/Users/uu0132127/.pico-sdk/sdk/1.5.1/src/common/pico_time/time.c.obj
                0x10000994                timer_pool_entry_comparator
 *fill*         0x100009c2        0x2 
 .text.update_us_since_boot
                0x100009c4       0x24 CMakeFiles/week1_uart.dir/C_/Users/uu0132127/.pico-sdk/sdk/1.5.1/src/common/pico_time/time.c.obj
 .text.delayed_by_us
                0x100009e8       0x34 CMakeFiles/week1_uart.dir/C_/Users/uu0132127/.pico-sdk/sdk/1.5.1/src/common/pico_time/time.c.obj
 .text.ph_get_node
                0x10000a1c       0x30 CMakeFiles/week1_uart.dir/C_/Users/uu0132127/.pico-sdk/sdk/1.5.1/src/common/pico_time/time.c.obj
 .text.ph_contains_node
                0x10000a4c       0x1e CMakeFiles/week1_uart.dir/C_/Users/uu0132127/.pico-sdk/sdk/1.5.1/src/common/pico_time/time.c.obj
 .text.ph_new_node
                0x10000a6a       0x28 CMakeFiles/week1_uart.dir/C_/Users/uu0132127/.pico-sdk/sdk/1.5.1/src/common/pico_time/time.c.obj
 *fill*         0x10000a92        0x2 
 .text.ph_add_child_node
                0x10000a94       0x6c CMakeFiles/week1_uart.dir/C_/Users/uu0132127/.pico-sdk/sdk/1.5.1/src/common/pico_time/time.c.obj
 .text.ph_merge_nodes
                0x10000b00       0x3e CMakeFiles/week1_uart.dir/C_/Users/uu0132127/.pico-sdk/sdk/1.5.1/src/common/pico_time/time.c.obj
 *fill*         0x10000b3e        0x2 
 .text.ph_insert_node
                0x10000b40       0x3c CMakeFiles/week1_uart.dir/C_/Users/uu0132127/.pico-sdk/sdk/1.5.1/src/common/pico_time/time.c.obj
 .text.ph_free_node
                0x10000b7c       0x5c CMakeFiles/week1_uart.dir/C_/Users/uu0132127/.pico-sdk/sdk/1.5.1/src/common/pico_time/time.c.obj
 .text.get_entry_id_high
                0x10000bd8       0x30 CMakeFiles/week1_uart.dir/C_/Users/uu0132127/.pico-sdk/sdk/1.5.1/src/common/pico_time/time.c.obj
 .text.alarm_pool_post_alloc_init
                0x10000c08       0x40 CMakeFiles/week1_uart.dir/C_/Users/uu0132127/.pico-sdk/sdk/1.5.1/src/common/pico_time/time.c.obj
 .text.sleep_until_callback
                0x10000c48       0x30 CMakeFiles/week1_uart.dir/C_/Users/uu0132127/.pico-sdk/sdk/1.5.1/src/common/pico_time/time.c.obj
 .text.get_absolute_time
                0x10000c78       0x22 CMakeFiles/week1_uart.dir/C_/Users/uu0132127/.pico-sdk/sdk/1.5.1/src/common/pico_time/time.c.obj
 .text.make_timeout_time_us
                0x10000c9a       0x24 CMakeFiles/week1_uart.dir/C_/Users/uu0132127/.pico-sdk/sdk/1.5.1/src/common/pico_time/time.c.obj
 *fill*         0x10000cbe        0x2 
 .text.add_alarm_under_lock
                0x10000cc0       0x94 CMakeFiles/week1_uart.dir/C_/Users/uu0132127/.pico-sdk/sdk/1.5.1/src/common/pico_time/time.c.obj
 .text.alarm_pool_alarm_callback
                0x10000d54      0x210 CMakeFiles/week1_uart.dir/C_/Users/uu0132127/.pico-sdk/sdk/1.5.1/src/common/pico_time/time.c.obj
 .text.alarm_pool_init_default
                0x10000f64       0x40 CMakeFiles/week1_uart.dir/C_/Users/uu0132127/.pico-sdk/sdk/1.5.1/src/common/pico_time/time.c.obj
                0x10000f64                alarm_pool_init_default
 .text.alarm_pool_get_default
                0x10000fa4       0x2c CMakeFiles/week1_uart.dir/C_/Users/uu0132127/.pico-sdk/sdk/1.5.1/src/common/pico_time/time.c.obj
                0x10000fa4                alarm_pool_get_default
 .text.alarm_pool_add_alarm_at
                0x10000fd0      0x10e CMakeFiles/week1_uart.dir/C_/Users/uu0132127/.pico-sdk/sdk/1.5.1/src/common/pico_time/time.c.obj
                0x10000fd0                alarm_pool_add_alarm_at
 .text.add_alarm_at
                0x100010de       0x2e CMakeFiles/week1_uart.dir/C_/Users/uu0132127/.pico-sdk/sdk/1.5.1/src/common/pico_time/time.c.obj
 .text.alarm_pool_cancel_alarm
                0x1000110c       0xa8 CMakeFiles/week1_uart.dir/C_/Users/uu0132127/.pico-sdk/sdk/1.5.1/src/common/pico_time/time.c.obj
                0x1000110c                alarm_pool_cancel_alarm
 .text.cancel_alarm
                0x100011b4       0x10 CMakeFiles/week1_uart.dir/C_/Users/uu0132127/.pico-sdk/sdk/1.5.1/src/common/pico_time/time.c.obj
 .text.sleep_until
                0x100011c4       0xb0 CMakeFiles/week1_uart.dir/C_/Users/uu0132127/.pico-sdk/sdk/1.5.1/src/common/pico_time/time.c.obj
                0x100011c4                sleep_until
 .text.sleep_us
                0x10001274       0x1a CMakeFiles/week1_uart.dir/C_/Users/uu0132127/.pico-sdk/sdk/1.5.1/src/common/pico_time/time.c.obj
                0x10001274                sleep_us
 .text.sleep_ms
                0x1000128e       0x14 CMakeFiles/week1_uart.dir/C_/Users/uu0132127/.pico-sdk/sdk/1.5.1/src/common/pico_time/time.c.obj
                0x1000128e                sleep_ms
 *fill*         0x100012a2        0x2 
 .text.best_effort_wfe_or_timeout
                0x100012a4       0x44 CMakeFiles/week1_uart.dir/C_/Users/uu0132127/.pico-sdk/sdk/1.5.1/src/common/pico_time/time.c.obj
                0x100012a4                best_effort_wfe_or_timeout
 .text.update_us_since_boot
                0x100012e8       0x24 CMakeFiles/week1_uart.dir/C_/Users/uu0132127/.pico-sdk/sdk/1.5.1/src/rp2_common/hardware_timer/timer.c.obj
 .text.hardware_alarm_irq_handler
                0x1000130c       0x8c CMakeFiles/week1_uart.dir/C_/Users/uu0132127/.pico-sdk/sdk/1.5.1/src/rp2_common/hardware_timer/timer.c.obj
 .text.hardware_alarm_claim
                0x10001398       0x18 CMakeFiles/week1_uart.dir/C_/Users/uu0132127/.pico-sdk/sdk/1.5.1/src/rp2_common/hardware_timer/timer.c.obj
                0x10001398                hardware_alarm_claim
 .text.time_us_64
                0x100013b0       0x18 CMakeFiles/week1_uart.dir/C_/Users/uu0132127/.pico-sdk/sdk/1.5.1/src/rp2_common/hardware_timer/timer.c.obj
                0x100013b0                time_us_64
 .text.busy_wait_until
                0x100013c8       0x28 CMakeFiles/week1_uart.dir/C_/Users/uu0132127/.pico-sdk/sdk/1.5.1/src/rp2_common/hardware_timer/timer.c.obj
                0x100013c8                busy_wait_until
 .text.busy_wait_us
                0x100013f0       0x3a CMakeFiles/week1_uart.dir/C_/Users/uu0132127/.pico-sdk/sdk/1.5.1/src/rp2_common/hardware_timer/timer.c.obj
                0x100013f0                busy_wait_us
 *fill*         0x1000142a        0x2 
 .text.hardware_alarm_set_callback
                0x1000142c       0x90 CMakeFiles/week1_uart.dir/C_/Users/uu0132127/.pico-sdk/sdk/1.5.1/src/rp2_common/hardware_timer/timer.c.obj
                0x1000142c                hardware_alarm_set_callback
 .text.hardware_alarm_set_target
                0x100014bc       0xe8 CMakeFiles/week1_uart.dir/C_/Users/uu0132127/.pico-sdk/sdk/1.5.1/src/rp2_common/hardware_timer/timer.c.obj
                0x100014bc                hardware_alarm_set_target
 .text.hardware_alarm_cancel
                0x100015a4       0x40 CMakeFiles/week1_uart.dir/C_/Users/uu0132127/.pico-sdk/sdk/1.5.1/src/rp2_common/hardware_timer/timer.c.obj
                0x100015a4                hardware_alarm_cancel
 .text.ph_get_node
                0x100015e4       0x30 CMakeFiles/week1_uart.dir/C_/Users/uu0132127/.pico-sdk/sdk/1.5.1/src/common/pico_util/pheap.c.obj
 .text.ph_add_child_node
                0x10001614       0x6c CMakeFiles/week1_uart.dir/C_/Users/uu0132127/.pico-sdk/sdk/1.5.1/src/common/pico_util/pheap.c.obj
 .text.ph_merge_nodes
                0x10001680       0x3e CMakeFiles/week1_uart.dir/C_/Users/uu0132127/.pico-sdk/sdk/1.5.1/src/common/pico_util/pheap.c.obj
 .text.ph_clear
                0x100016be       0x34 CMakeFiles/week1_uart.dir/C_/Users/uu0132127/.pico-sdk/sdk/1.5.1/src/common/pico_util/pheap.c.obj
                0x100016be                ph_clear
 .text.ph_post_alloc_init
                0x100016f2        0xe CMakeFiles/week1_uart.dir/C_/Users/uu0132127/.pico-sdk/sdk/1.5.1/src/common/pico_util/pheap.c.obj
                0x100016f2                ph_post_alloc_init
 .text.ph_merge_two_pass
                0x10001700       0x5c CMakeFiles/week1_uart.dir/C_/Users/uu0132127/.pico-sdk/sdk/1.5.1/src/common/pico_util/pheap.c.obj
                0x10001700                ph_merge_two_pass
 .text.ph_remove_any_head
                0x1000175c       0xc0 CMakeFiles/week1_uart.dir/C_/Users/uu0132127/.pico-sdk/sdk/1.5.1/src/common/pico_util/pheap.c.obj
 .text.ph_remove_head
                0x1000181c       0x14 CMakeFiles/week1_uart.dir/C_/Users/uu0132127/.pico-sdk/sdk/1.5.1/src/common/pico_util/pheap.c.obj
                0x1000181c                ph_remove_head
 .text.ph_remove_and_free_node
                0x10001830       0xa0 CMakeFiles/week1_uart.dir/C_/Users/uu0132127/.pico-sdk/sdk/1.5.1/src/common/pico_util/pheap.c.obj
                0x10001830                ph_remove_and_free_node
 .text.uart_disable_before_lcr_write
                0x100018d0       0x48 CMakeFiles/week1_uart.dir/C_/Users/uu0132127/.pico-sdk/sdk/1.5.1/src/rp2_common/hardware_uart/uart.c.obj
 .text.uart_write_lcr_bits_masked
                0x10001918       0x22 CMakeFiles/week1_uart.dir/C_/Users/uu0132127/.pico-sdk/sdk/1.5.1/src/rp2_common/hardware_uart/uart.c.obj
 *fill*         0x1000193a        0x2 
 .text.uart_set_baudrate
                0x1000193c       0x5c CMakeFiles/week1_uart.dir/C_/Users/uu0132127/.pico-sdk/sdk/1.5.1/src/rp2_common/hardware_uart/uart.c.obj
                0x1000193c                uart_set_baudrate
 .text.uart_set_format
                0x10001998       0x2c CMakeFiles/week1_uart.dir/C_/Users/uu0132127/.pico-sdk/sdk/1.5.1/src/rp2_common/hardware_uart/uart.c.obj
                0x10001998                uart_set_format
 .text.uart_set_translate_crlf
                0x100019c4       0x28 CMakeFiles/week1_uart.dir/C_/Users/uu0132127/.pico-sdk/sdk/1.5.1/src/rp2_common/hardware_uart/uart.c.obj
                0x100019c4                uart_set_translate_crlf
 .text.uart_init
                0x100019ec       0x80 CMakeFiles/week1_uart.dir/C_/Users/uu0132127/.pico-sdk/sdk/1.5.1/src/rp2_common/hardware_uart/uart.c.obj
                0x100019ec                uart_init
 .text.clock_configure
                0x10001a6c      0x108 CMakeFiles/week1_uart.dir/C_/Users/uu0132127/.pico-sdk/sdk/1.5.1/src/rp2_common/hardware_clocks/clocks.c.obj
                0x10001a6c                clock_configure
 .text.clocks_init
                0x10001b74      0x100 CMakeFiles/week1_uart.dir/C_/Users/uu0132127/.pico-sdk/sdk/1.5.1/src/rp2_common/hardware_clocks/clocks.c.obj
                0x10001b74                clocks_init
 .text.clock_get_hz
                0x10001c74        0xc CMakeFiles/week1_uart.dir/C_/Users/uu0132127/.pico-sdk/sdk/1.5.1/src/rp2_common/hardware_clocks/clocks.c.obj
                0x10001c74                clock_get_hz
 .text.pll_init
                0x10001c80      0x120 CMakeFiles/week1_uart.dir/C_/Users/uu0132127/.pico-sdk/sdk/1.5.1/src/rp2_common/hardware_pll/pll.c.obj
                0x10001c80                pll_init
 .text.watchdog_start_tick
                0x10001da0       0x10 CMakeFiles/week1_uart.dir/C_/Users/uu0132127/.pico-sdk/sdk/1.5.1/src/rp2_common/hardware_watchdog/watchdog.c.obj
                0x10001da0                watchdog_start_tick
 .text.xosc_init
                0x10001db0       0x28 CMakeFiles/week1_uart.dir/C_/Users/uu0132127/.pico-sdk/sdk/1.5.1/src/rp2_common/hardware_xosc/xosc.c.obj
                0x10001db0                xosc_init
 .text._exit    0x10001dd8        0x4 CMakeFiles/week1_uart.dir/C_/Users/uu0132127/.pico-sdk/sdk/1.5.1/src/rp2_common/pico_runtime/runtime.c.obj
                0x10001dd8                _exit
 .text.exit     0x10001ddc        0x6 CMakeFiles/week1_uart.dir/C_/Users/uu0132127/.pico-sdk/sdk/1.5.1/src/rp2_common/pico_runtime/runtime.c.obj
                0x10001ddc                exit
 *fill*         0x10001de2        0x2 
 .text.__assert_func
                0x10001de4       0x38 CMakeFiles/week1_uart.dir/C_/Users/uu0132127/.pico-sdk/sdk/1.5.1/src/rp2_common/pico_runtime/runtime.c.obj
                0x10001de4                __assert_func
 .text.runtime_init
                0x10001e1c       0xf8 CMakeFiles/week1_uart.dir/C_/Users/uu0132127/.pico-sdk/sdk/1.5.1/src/rp2_common/pico_runtime/runtime.c.obj
                0x10001e1c                runtime_init
 .text.panic    0x10001f14       0x30 CMakeFiles/week1_uart.dir/C_/Users/uu0132127/.pico-sdk/sdk/1.5.1/src/rp2_common/pico_runtime/runtime.c.obj
                0x10001f14                panic
 .text._out_null
                0x10001f44        0x2 CMakeFiles/week1_uart.dir/C_/Users/uu0132127/.pico-sdk/sdk/1.5.1/src/rp2_common/pico_printf/printf.c.obj
 .text._out_fct
                0x10001f46        0xe CMakeFiles/week1_uart.dir/C_/Users/uu0132127/.pico-sdk/sdk/1.5.1/src/rp2_common/pico_printf/printf.c.obj
 .text._atoi    0x10001f54       0x24 CMakeFiles/week1_uart.dir/C_/Users/uu0132127/.pico-sdk/sdk/1.5.1/src/rp2_common/pico_printf/printf.c.obj
 .text._out_rev
                0x10001f78       0xae CMakeFiles/week1_uart.dir/C_/Users/uu0132127/.pico-sdk/sdk/1.5.1/src/rp2_common/pico_printf/printf.c.obj
 .text._ntoa_format
                0x10002026      0x110 CMakeFiles/week1_uart.dir/C_/Users/uu0132127/.pico-sdk/sdk/1.5.1/src/rp2_common/pico_printf/printf.c.obj
 .text._ntoa_long
                0x10002136       0xbc CMakeFiles/week1_uart.dir/C_/Users/uu0132127/.pico-sdk/sdk/1.5.1/src/rp2_common/pico_printf/printf.c.obj
 .text._ntoa_long_long
                0x100021f2      0x10e CMakeFiles/week1_uart.dir/C_/Users/uu0132127/.pico-sdk/sdk/1.5.1/src/rp2_common/pico_printf/printf.c.obj
 .text._etoa    0x10002300      0x420 CMakeFiles/week1_uart.dir/C_/Users/uu0132127/.pico-sdk/sdk/1.5.1/src/rp2_common/pico_printf/printf.c.obj
 .text._ftoa    0x10002720      0x354 CMakeFiles/week1_uart.dir/C_/Users/uu0132127/.pico-sdk/sdk/1.5.1/src/rp2_common/pico_printf/printf.c.obj
 .text._vsnprintf
                0x10002a74      0x668 CMakeFiles/week1_uart.dir/C_/Users/uu0132127/.pico-sdk/sdk/1.5.1/src/rp2_common/pico_printf/printf.c.obj
 .text.vfctprintf
                0x100030dc       0x20 CMakeFiles/week1_uart.dir/C_/Users/uu0132127/.pico-sdk/sdk/1.5.1/src/rp2_common/pico_printf/printf.c.obj
                0x100030dc                vfctprintf
 .text          0x100030fc       0x10 CMakeFiles/week1_uart.dir/C_/Users/uu0132127/.pico-sdk/sdk/1.5.1/src/rp2_common/pico_bit_ops/bit_ops_aeabi.S.obj
 .text.rom_func_lookup
                0x1000310c       0x10 CMakeFiles/week1_uart.dir/C_/Users/uu0132127/.pico-sdk/sdk/1.5.1/src/rp2_common/pico_bootrom/bootrom.c.obj
                0x1000310c                rom_func_lookup
 .text.rom_data_lookup
                0x1000311c       0x10 CMakeFiles/week1_uart.dir/C_/Users/uu0132127/.pico-sdk/sdk/1.5.1/src/rp2_common/pico_bootrom/bootrom.c.obj
                0x1000311c                rom_data_lookup
 .text.rom_funcs_lookup
                0x1000312c       0x36 CMakeFiles/week1_uart.dir/C_/Users/uu0132127/.pico-sdk/sdk/1.5.1/src/rp2_common/pico_bootrom/bootrom.c.obj
                0x1000312c                rom_funcs_lookup
 *fill*         0x10003162        0x2 
 .text.__wrap___aeabi_idiv
                0x10003164       0x50 CMakeFiles/week1_uart.dir/C_/Users/uu0132127/.pico-sdk/sdk/1.5.1/src/rp2_common/pico_divider/divider.S.obj
                0x10003164                __wrap___aeabi_idivmod
                0x10003164                divmod_s32s32
                0x10003164                div_s32s32
                0x10003164                __wrap___aeabi_idiv
                0x1000316c                divmod_s32s32_unsafe
                0x10003198                divmod_s32s32_savestate
 .text.__wrap___aeabi_uidiv
                0x100031b4       0x4c CMakeFiles/week1_uart.dir/C_/Users/uu0132127/.pico-sdk/sdk/1.5.1/src/rp2_common/pico_divider/divider.S.obj
                0x100031b4                __wrap___aeabi_uidiv
                0x100031b4                __wrap___aeabi_uidivmod
                0x100031b4                div_u32u32
                0x100031b4                divmod_u32u32
                0x100031bc                divmod_u32u32_unsafe
                0x100031e4                divmod_u32u32_savestate
 .text.__wrap___aeabi_ldiv
                0x10003200      0x424 CMakeFiles/week1_uart.dir/C_/Users/uu0132127/.pico-sdk/sdk/1.5.1/src/rp2_common/pico_divider/divider.S.obj
                0x10003200                div_s64s64
                0x10003200                divmod_s64s64
                0x10003200                __wrap___aeabi_ldivmod
                0x10003230                divmod_u64u64
                0x10003230                div_u64u64
                0x10003230                __wrap___aeabi_uldivmod
                0x10003240                divmod_u64u64_savestate
                0x10003260                divmod_s64s64_unsafe
                0x100032e8                divmod_u64u64_unsafe
 .text.__wrap___aeabi_darithmetic
                0x10003624       0x80 CMakeFiles/week1_uart.dir/C_/Users/uu0132127/.pico-sdk/sdk/1.5.1/src/rp2_common/pico_double/double_aeabi.S.obj
                0x10003624                __wrap___aeabi_drsub
                0x1000362a                __wrap___aeabi_dsub
                0x1000363c                __wrap___aeabi_dadd
                0x1000364e                __wrap___aeabi_ddiv
                0x1000368a                __wrap___aeabi_dmul
 .text.__wrap___aeabi_cdcmple
                0x100036a4       0x6c CMakeFiles/week1_uart.dir/C_/Users/uu0132127/.pico-sdk/sdk/1.5.1/src/rp2_common/pico_double/double_aeabi.S.obj
                0x100036a4                __wrap___aeabi_cdrcmple
                0x100036b4                __wrap___aeabi_cdcmpeq
                0x100036b4                __wrap___aeabi_cdcmple
 .text.__wrap___aeabi_dcmplt
                0x10003710        0xc CMakeFiles/week1_uart.dir/C_/Users/uu0132127/.pico-sdk/sdk/1.5.1/src/rp2_common/pico_double/double_aeabi.S.obj
                0x10003710                __wrap___aeabi_dcmplt
 .text.__wrap___aeabi_dcmple
                0x1000371c       0x10 CMakeFiles/week1_uart.dir/C_/Users/uu0132127/.pico-sdk/sdk/1.5.1/src/rp2_common/pico_double/double_aeabi.S.obj
                0x1000371c                __wrap___aeabi_dcmple
 .text.__wrap___aeabi_dcmpge
                0x1000372c       0x10 CMakeFiles/week1_uart.dir/C_/Users/uu0132127/.pico-sdk/sdk/1.5.1/src/rp2_common/pico_double/double_aeabi.S.obj
                0x1000372c                __wrap___aeabi_dcmpge
 .text.__wrap___aeabi_dcmpgt
                0x1000373c        0xa CMakeFiles/week1_uart.dir/C_/Users/uu0132127/.pico-sdk/sdk/1.5.1/src/rp2_common/pico_double/double_aeabi.S.obj
                0x1000373c                __wrap___aeabi_dcmpgt
 .text.__wrap___aeabi_dcmpun
                0x10003746       0x1c CMakeFiles/week1_uart.dir/C_/Users/uu0132127/.pico-sdk/sdk/1.5.1/src/rp2_common/pico_double/double_aeabi.S.obj
                0x10003746                __wrap___aeabi_dcmpun
 *fill*         0x10003762        0x2 
 .text.__wrap___aeabi_i2d
                0x10003764       0x38 CMakeFiles/week1_uart.dir/C_/Users/uu0132127/.pico-sdk/sdk/1.5.1/src/rp2_common/pico_double/double_aeabi.S.obj
                0x10003764                __wrap___aeabi_ui2d
                0x1000376c                __wrap___aeabi_i2d
 .text.__wrap___aeabi_d2iz
                0x1000379c       0x48 CMakeFiles/week1_uart.dir/C_/Users/uu0132127/.pico-sdk/sdk/1.5.1/src/rp2_common/pico_double/double_aeabi.S.obj
                0x1000379c                double2int_z
                0x1000379c                __wrap___aeabi_d2iz
 .text.__wrap___aeabi_d2uiz
                0x100037e4       0x18 CMakeFiles/week1_uart.dir/C_/Users/uu0132127/.pico-sdk/sdk/1.5.1/src/rp2_common/pico_double/double_aeabi.S.obj
                0x100037e4                __wrap___aeabi_d2uiz
                0x100037e4                double2uint
 .text.__aeabi_double_init
                0x100037fc       0xcc CMakeFiles/week1_uart.dir/C_/Users/uu0132127/.pico-sdk/sdk/1.5.1/src/rp2_common/pico_double/double_init_rom.c.obj
                0x100037fc                __aeabi_double_init
 .text.double_table_shim_on_use_helper
                0x100038c8       0x34 CMakeFiles/week1_uart.dir/C_/Users/uu0132127/.pico-sdk/sdk/1.5.1/src/rp2_common/pico_double/double_v1_rom_shim.S.obj
                0x100038c8                double_table_shim_on_use_helper
 .text.__wrap___aeabi_dsub
                0x100038fc       0x10 CMakeFiles/week1_uart.dir/C_/Users/uu0132127/.pico-sdk/sdk/1.5.1/src/rp2_common/pico_double/double_v1_rom_shim.S.obj
                0x100038fc                drsub_shim
                0x10003902                dsub_shim
 .text.dadd_shim
                0x1000390c      0x15c CMakeFiles/week1_uart.dir/C_/Users/uu0132127/.pico-sdk/sdk/1.5.1/src/rp2_common/pico_double/double_v1_rom_shim.S.obj
                0x1000390c                dadd_shim
 .text.dmul_shim
                0x10003a68      0x15c CMakeFiles/week1_uart.dir/C_/Users/uu0132127/.pico-sdk/sdk/1.5.1/src/rp2_common/pico_double/double_v1_rom_shim.S.obj
                0x10003a68                dmul_shim
 .text.ddiv_shim
                0x10003bc4      0x1b0 CMakeFiles/week1_uart.dir/C_/Users/uu0132127/.pico-sdk/sdk/1.5.1/src/rp2_common/pico_double/double_v1_rom_shim.S.obj
                0x10003bc4                ddiv_shim
 .text.double2uint_shim
                0x10003d74        0xe CMakeFiles/week1_uart.dir/C_/Users/uu0132127/.pico-sdk/sdk/1.5.1/src/rp2_common/pico_double/double_v1_rom_shim.S.obj
                0x10003d74                double2uint_shim
                0x10003d76                double2ufix_shim
 *fill*         0x10003d82        0x2 
 .text.double2uint64_shim
                0x10003d84       0x70 CMakeFiles/week1_uart.dir/C_/Users/uu0132127/.pico-sdk/sdk/1.5.1/src/rp2_common/pico_double/double_v1_rom_shim.S.obj
                0x10003d84                double2uint64_shim
                0x10003d86                double2ufix64_shim
                0x10003da6                d2fix_a
 .text.dunpacks
                0x10003df4       0x3c CMakeFiles/week1_uart.dir/C_/Users/uu0132127/.pico-sdk/sdk/1.5.1/src/rp2_common/pico_double/double_v1_rom_shim.S.obj
                0x10003df4                dunpacks
 .text.__aeabi_lmul
                0x10003e30       0x32 CMakeFiles/week1_uart.dir/C_/Users/uu0132127/.pico-sdk/sdk/1.5.1/src/rp2_common/pico_int64_ops/pico_int64_ops_aeabi.S.obj
                0x10003e30                __wrap___aeabi_lmul
 *fill*         0x10003e62        0x2 
 .text.__aeabi_float_init
                0x10003e64       0xfc CMakeFiles/week1_uart.dir/C_/Users/uu0132127/.pico-sdk/sdk/1.5.1/src/rp2_common/pico_float/float_init_rom.c.obj
                0x10003e64                __aeabi_float_init
 .text.float_table_shim_on_use_helper
                0x10003f60       0x34 CMakeFiles/week1_uart.dir/C_/Users/uu0132127/.pico-sdk/sdk/1.5.1/src/rp2_common/pico_float/float_v1_rom_shim.S.obj
                0x10003f60                float_table_shim_on_use_helper
 .text          0x10003f94       0x10 CMakeFiles/week1_uart.dir/C_/Users/uu0132127/.pico-sdk/sdk/1.5.1/src/rp2_common/pico_mem_ops/mem_ops_aeabi.S.obj
                0x10003f94                __aeabi_mem_init
 .text.memcpy   0x10003fa4        0xc CMakeFiles/week1_uart.dir/C_/Users/uu0132127/.pico-sdk/sdk/1.5.1/src/rp2_common/pico_mem_ops/mem_ops_aeabi.S.obj
                0x10003fa4                __wrap_memcpy
                0x10003fa4                __wrap___aeabi_memcpy
 .text.stdio_out_chars_no_crlf
                0x10003fb0        0xe CMakeFiles/week1_uart.dir/C_/Users/uu0132127/.pico-sdk/sdk/1.5.1/src/rp2_common/pico_stdio/stdio.c.obj
 *fill*         0x10003fbe        0x2 
 .text.stdio_out_chars_crlf
                0x10003fc0       0x80 CMakeFiles/week1_uart.dir/C_/Users/uu0132127/.pico-sdk/sdk/1.5.1/src/rp2_common/pico_stdio/stdio.c.obj
 .text.stdio_stack_buffer_flush
                0x10004040       0x44 CMakeFiles/week1_uart.dir/C_/Users/uu0132127/.pico-sdk/sdk/1.5.1/src/rp2_common/pico_stdio/stdio.c.obj
 .text.stdio_buffered_printer
                0x10004084       0x20 CMakeFiles/week1_uart.dir/C_/Users/uu0132127/.pico-sdk/sdk/1.5.1/src/rp2_common/pico_stdio/stdio.c.obj
 .text.update_us_since_boot
                0x100040a4       0x24 CMakeFiles/week1_uart.dir/C_/Users/uu0132127/.pico-sdk/sdk/1.5.1/src/rp2_common/pico_stdio/stdio.c.obj
 .text.get_absolute_time
                0x100040c8       0x22 CMakeFiles/week1_uart.dir/C_/Users/uu0132127/.pico-sdk/sdk/1.5.1/src/rp2_common/pico_stdio/stdio.c.obj
 *fill*         0x100040ea        0x2 
 .text.delayed_by_ms
                0x100040ec       0x44 CMakeFiles/week1_uart.dir/C_/Users/uu0132127/.pico-sdk/sdk/1.5.1/src/rp2_common/pico_stdio/stdio.c.obj
 .text.make_timeout_time_ms
                0x10004130       0x20 CMakeFiles/week1_uart.dir/C_/Users/uu0132127/.pico-sdk/sdk/1.5.1/src/rp2_common/pico_stdio/stdio.c.obj
 .text.stdout_serialize_begin
                0x10004150       0x20 CMakeFiles/week1_uart.dir/C_/Users/uu0132127/.pico-sdk/sdk/1.5.1/src/rp2_common/pico_stdio/stdio.c.obj
                0x10004150                stdout_serialize_begin
 .text.stdout_serialize_end
                0x10004170       0x10 CMakeFiles/week1_uart.dir/C_/Users/uu0132127/.pico-sdk/sdk/1.5.1/src/rp2_common/pico_stdio/stdio.c.obj
                0x10004170                stdout_serialize_end
 .text.stdio_put_string
                0x10004180       0x98 CMakeFiles/week1_uart.dir/C_/Users/uu0132127/.pico-sdk/sdk/1.5.1/src/rp2_common/pico_stdio/stdio.c.obj
 .text.stdio_flush
                0x10004218       0x20 CMakeFiles/week1_uart.dir/C_/Users/uu0132127/.pico-sdk/sdk/1.5.1/src/rp2_common/pico_stdio/stdio.c.obj
                0x10004218                stdio_flush
 .text.__wrap_puts
                0x10004238       0x1e CMakeFiles/week1_uart.dir/C_/Users/uu0132127/.pico-sdk/sdk/1.5.1/src/rp2_common/pico_stdio/stdio.c.obj
                0x10004238                __wrap_puts
 *fill*         0x10004256        0x2 
 .text.__wrap_vprintf
                0x10004258       0x40 CMakeFiles/week1_uart.dir/C_/Users/uu0132127/.pico-sdk/sdk/1.5.1/src/rp2_common/pico_stdio/stdio.c.obj
                0x10004258                __wrap_vprintf
 .text.__wrap_printf
                0x10004298       0x18 CMakeFiles/week1_uart.dir/C_/Users/uu0132127/.pico-sdk/sdk/1.5.1/src/rp2_common/pico_stdio/stdio.c.obj
                0x10004298                __wrap_printf
 .text.strlen   0x100042b0       0x5c C:/Users/uu0132127/.pico-sdk/toolchain/13_2_Rel1/bin/../lib/gcc/arm-none-eabi/13.2.1/thumb/v6-m/nofp\libg.a(libc_a-strlen-stub.o)
                0x100042b0                strlen
 *(.fini)
 .fini          0x1000430c        0x4 C:/Users/uu0132127/.pico-sdk/toolchain/13_2_Rel1/bin/../lib/gcc/arm-none-eabi/13.2.1/thumb/v6-m/nofp/crti.o
                0x1000430c                _fini
 .fini.__stub   0x10004310       0x40 linker stubs
 *crtbegin.o(.ctors)
 *crtbegin?.o(.ctors)
 *(EXCLUDE_FILE(*crtend.o *crtend?.o) .ctors)
 *(SORT_BY_NAME(.ctors.*))
 *(.ctors)
 *crtbegin.o(.dtors)
 *crtbegin?.o(.dtors)
 *(EXCLUDE_FILE(*crtend.o *crtend?.o) .dtors)
 *(SORT_BY_NAME(.dtors.*))
 *(.dtors)
 *(.eh_frame*)
 .eh_frame      0x10004350        0x0 C:/Users/uu0132127/.pico-sdk/toolchain/13_2_Rel1/bin/../lib/gcc/arm-none-eabi/13.2.1/thumb/v6-m/nofp/crtbegin.o
                0x10004350                        . = ALIGN (0x4)

.glue_7         0x10004350        0x0
 .glue_7        0x10004350        0x0 linker stubs

.glue_7t        0x10004350        0x0
 .glue_7t       0x10004350        0x0 linker stubs

.vfp11_veneer   0x10004350        0x0
 .vfp11_veneer  0x10004350        0x0 linker stubs

.v4_bx          0x10004350        0x0
 .v4_bx         0x10004350        0x0 linker stubs

.iplt           0x10004350        0x0
 .iplt          0x10004350        0x0 C:/Users/uu0132127/.pico-sdk/toolchain/13_2_Rel1/bin/../lib/gcc/arm-none-eabi/13.2.1/thumb/v6-m/nofp/crtbegin.o

.rodata         0x10004350      0xe9c
 *(EXCLUDE_FILE(*libm.a: *libc.a:*lib_a-mem*.o *libgcc.a:) .rodata*)
 .rodata.main.str1.4
                0x10004350      0xa0c CMakeFiles/week1_uart.dir/week1_uart.c.obj
                                  0xf (size before relaxing)
 .rodata.resolve_branch.str1.4
                0x10004d5c       0x61 CMakeFiles/week1_uart.dir/C_/Users/uu0132127/.pico-sdk/sdk/1.5.1/src/rp2_common/hardware_irq/irq.c.obj
 .rodata.make_branch.str1.4
                0x10004d5c       0x30 CMakeFiles/week1_uart.dir/C_/Users/uu0132127/.pico-sdk/sdk/1.5.1/src/rp2_common/hardware_irq/irq.c.obj
 .rodata.insert_branch_and_link.str1.4
                0x10004d5c       0x10 CMakeFiles/week1_uart.dir/C_/Users/uu0132127/.pico-sdk/sdk/1.5.1/src/rp2_common/hardware_irq/irq.c.obj
 .rodata.irq_set_exclusive_handler.str1.4
                0x10004d5c       0x36 CMakeFiles/week1_uart.dir/C_/Users/uu0132127/.pico-sdk/sdk/1.5.1/src/rp2_common/hardware_irq/irq.c.obj
 .rodata.irq_remove_handler.str1.4
                0x10004d5c       0x3a CMakeFiles/week1_uart.dir/C_/Users/uu0132127/.pico-sdk/sdk/1.5.1/src/rp2_common/hardware_irq/irq.c.obj
 .rodata.irq_add_tail_to_free_list.str1.4
                0x10004d5c       0x3a CMakeFiles/week1_uart.dir/C_/Users/uu0132127/.pico-sdk/sdk/1.5.1/src/rp2_common/hardware_irq/irq.c.obj
 .rodata.__func__.0
                0x10004d5c       0x1a CMakeFiles/week1_uart.dir/C_/Users/uu0132127/.pico-sdk/sdk/1.5.1/src/rp2_common/hardware_irq/irq.c.obj
 *fill*         0x10004d76        0x2 
 .rodata.__func__.1
                0x10004d78       0x17 CMakeFiles/week1_uart.dir/C_/Users/uu0132127/.pico-sdk/sdk/1.5.1/src/rp2_common/hardware_irq/irq.c.obj
 *fill*         0x10004d8f        0x1 
 .rodata.__func__.2
                0x10004d90       0x13 CMakeFiles/week1_uart.dir/C_/Users/uu0132127/.pico-sdk/sdk/1.5.1/src/rp2_common/hardware_irq/irq.c.obj
 *fill*         0x10004da3        0x1 
 .rodata.__func__.3
                0x10004da4        0xc CMakeFiles/week1_uart.dir/C_/Users/uu0132127/.pico-sdk/sdk/1.5.1/src/rp2_common/hardware_irq/irq.c.obj
 .rodata.__func__.4
                0x10004db0        0xf CMakeFiles/week1_uart.dir/C_/Users/uu0132127/.pico-sdk/sdk/1.5.1/src/rp2_common/hardware_irq/irq.c.obj
 *fill*         0x10004dbf        0x1 
 .rodata.__func__.6
                0x10004dc0       0x1a CMakeFiles/week1_uart.dir/C_/Users/uu0132127/.pico-sdk/sdk/1.5.1/src/rp2_common/hardware_irq/irq.c.obj
 .rodata.str1.4
                0x10004dda       0x95 CMakeFiles/week1_uart.dir/C_/Users/uu0132127/.pico-sdk/sdk/1.5.1/src/common/pico_sync/mutex.c.obj
 *fill*         0x10004dda        0x2 
 .rodata.__func__.1
                0x10004ddc        0xb CMakeFiles/week1_uart.dir/C_/Users/uu0132127/.pico-sdk/sdk/1.5.1/src/common/pico_sync/mutex.c.obj
 *fill*         0x10004de7        0x1 
 .rodata.__func__.3
                0x10004de8       0x18 CMakeFiles/week1_uart.dir/C_/Users/uu0132127/.pico-sdk/sdk/1.5.1/src/common/pico_sync/mutex.c.obj
 .rodata.get_entry.str1.4
                0x10004e00       0x67 CMakeFiles/week1_uart.dir/C_/Users/uu0132127/.pico-sdk/sdk/1.5.1/src/common/pico_time/time.c.obj
 .rodata.update_us_since_boot.str1.4
                0x10004e00       0x6d CMakeFiles/week1_uart.dir/C_/Users/uu0132127/.pico-sdk/sdk/1.5.1/src/common/pico_time/time.c.obj
 .rodata.ph_get_node.str1.4
                0x10004e00       0x72 CMakeFiles/week1_uart.dir/C_/Users/uu0132127/.pico-sdk/sdk/1.5.1/src/common/pico_time/time.c.obj
 .rodata.ph_add_child_node.str1.4
                0x10004e00       0x2e CMakeFiles/week1_uart.dir/C_/Users/uu0132127/.pico-sdk/sdk/1.5.1/src/common/pico_time/time.c.obj
 .rodata.ph_insert_node.str1.4
                0x10004e00        0x3 CMakeFiles/week1_uart.dir/C_/Users/uu0132127/.pico-sdk/sdk/1.5.1/src/common/pico_time/time.c.obj
 .rodata.ph_free_node.str1.4
                0x10004e00       0x38 CMakeFiles/week1_uart.dir/C_/Users/uu0132127/.pico-sdk/sdk/1.5.1/src/common/pico_time/time.c.obj
 .rodata.add_alarm_under_lock.str1.4
                0x10004e00       0x28 CMakeFiles/week1_uart.dir/C_/Users/uu0132127/.pico-sdk/sdk/1.5.1/src/common/pico_time/time.c.obj
 .rodata.alarm_pool_alarm_callback.str1.4
                0x10004e00       0x60 CMakeFiles/week1_uart.dir/C_/Users/uu0132127/.pico-sdk/sdk/1.5.1/src/common/pico_time/time.c.obj
 .rodata.alarm_pool_get_default.str1.4
                0x10004e00       0x21 CMakeFiles/week1_uart.dir/C_/Users/uu0132127/.pico-sdk/sdk/1.5.1/src/common/pico_time/time.c.obj
 .rodata.alarm_pool_cancel_alarm.str1.4
                0x10004e00       0x27 CMakeFiles/week1_uart.dir/C_/Users/uu0132127/.pico-sdk/sdk/1.5.1/src/common/pico_time/time.c.obj
 .rodata.sleep_until.str1.4
                0x10004e00       0x4d CMakeFiles/week1_uart.dir/C_/Users/uu0132127/.pico-sdk/sdk/1.5.1/src/common/pico_time/time.c.obj
 .rodata.__func__.1
                0x10004e00       0x18 CMakeFiles/week1_uart.dir/C_/Users/uu0132127/.pico-sdk/sdk/1.5.1/src/common/pico_time/time.c.obj
 .rodata.__func__.3
                0x10004e18       0x17 CMakeFiles/week1_uart.dir/C_/Users/uu0132127/.pico-sdk/sdk/1.5.1/src/common/pico_time/time.c.obj
 *fill*         0x10004e2f        0x1 
 .rodata.__func__.4
                0x10004e30       0x12 CMakeFiles/week1_uart.dir/C_/Users/uu0132127/.pico-sdk/sdk/1.5.1/src/common/pico_time/time.c.obj
 *fill*         0x10004e42        0x2 
 .rodata.__func__.5
                0x10004e44        0xd CMakeFiles/week1_uart.dir/C_/Users/uu0132127/.pico-sdk/sdk/1.5.1/src/common/pico_time/time.c.obj
 *fill*         0x10004e51        0x3 
 .rodata.__func__.6
                0x10004e54       0x12 CMakeFiles/week1_uart.dir/C_/Users/uu0132127/.pico-sdk/sdk/1.5.1/src/common/pico_time/time.c.obj
 *fill*         0x10004e66        0x2 
 .rodata.__func__.7
                0x10004e68        0xf CMakeFiles/week1_uart.dir/C_/Users/uu0132127/.pico-sdk/sdk/1.5.1/src/common/pico_time/time.c.obj
 *fill*         0x10004e77        0x1 
 .rodata.__func__.8
                0x10004e78        0xc CMakeFiles/week1_uart.dir/C_/Users/uu0132127/.pico-sdk/sdk/1.5.1/src/common/pico_time/time.c.obj
 .rodata.__func__.9
                0x10004e84       0x15 CMakeFiles/week1_uart.dir/C_/Users/uu0132127/.pico-sdk/sdk/1.5.1/src/common/pico_time/time.c.obj
 *fill*         0x10004e99        0x3 
 .rodata.__func__.10
                0x10004e9c       0x15 CMakeFiles/week1_uart.dir/C_/Users/uu0132127/.pico-sdk/sdk/1.5.1/src/common/pico_time/time.c.obj
 *fill*         0x10004eb1        0x3 
 .rodata.__func__.11
                0x10004eb4       0x1a CMakeFiles/week1_uart.dir/C_/Users/uu0132127/.pico-sdk/sdk/1.5.1/src/common/pico_time/time.c.obj
 *fill*         0x10004ece        0x2 
 .rodata.__func__.12
                0x10004ed0        0xa CMakeFiles/week1_uart.dir/C_/Users/uu0132127/.pico-sdk/sdk/1.5.1/src/common/pico_time/time.c.obj
 .rodata.update_us_since_boot.str1.4
                0x10004eda       0x6d CMakeFiles/week1_uart.dir/C_/Users/uu0132127/.pico-sdk/sdk/1.5.1/src/rp2_common/hardware_timer/timer.c.obj
 .rodata.hardware_alarm_claim.str1.4
                0x10004eda       0x22 CMakeFiles/week1_uart.dir/C_/Users/uu0132127/.pico-sdk/sdk/1.5.1/src/rp2_common/hardware_timer/timer.c.obj
 .rodata.hardware_alarm_set_target.str1.4
                0x10004eda       0x71 CMakeFiles/week1_uart.dir/C_/Users/uu0132127/.pico-sdk/sdk/1.5.1/src/rp2_common/hardware_timer/timer.c.obj
 *fill*         0x10004eda        0x2 
 .rodata.__func__.0
                0x10004edc       0x1a CMakeFiles/week1_uart.dir/C_/Users/uu0132127/.pico-sdk/sdk/1.5.1/src/rp2_common/hardware_timer/timer.c.obj
 *fill*         0x10004ef6        0x2 
 .rodata.__func__.1
                0x10004ef8       0x15 CMakeFiles/week1_uart.dir/C_/Users/uu0132127/.pico-sdk/sdk/1.5.1/src/rp2_common/hardware_timer/timer.c.obj
 .rodata.ph_get_node.str1.4
                0x10004f0d       0x72 CMakeFiles/week1_uart.dir/C_/Users/uu0132127/.pico-sdk/sdk/1.5.1/src/common/pico_util/pheap.c.obj
 .rodata.ph_add_child_node.str1.4
                0x10004f0d       0x2e CMakeFiles/week1_uart.dir/C_/Users/uu0132127/.pico-sdk/sdk/1.5.1/src/common/pico_util/pheap.c.obj
 .rodata.ph_remove_any_head.str1.4
                0x10004f0d       0xac CMakeFiles/week1_uart.dir/C_/Users/uu0132127/.pico-sdk/sdk/1.5.1/src/common/pico_util/pheap.c.obj
 .rodata.ph_remove_and_free_node.str1.4
                0x10004f0d       0x26 CMakeFiles/week1_uart.dir/C_/Users/uu0132127/.pico-sdk/sdk/1.5.1/src/common/pico_util/pheap.c.obj
 *fill*         0x10004f0d        0x3 
 .rodata.__func__.0
                0x10004f10       0x18 CMakeFiles/week1_uart.dir/C_/Users/uu0132127/.pico-sdk/sdk/1.5.1/src/common/pico_util/pheap.c.obj
 .rodata.__func__.1
                0x10004f28       0x13 CMakeFiles/week1_uart.dir/C_/Users/uu0132127/.pico-sdk/sdk/1.5.1/src/common/pico_util/pheap.c.obj
 *fill*         0x10004f3b        0x1 
 .rodata.__func__.2
                0x10004f3c       0x12 CMakeFiles/week1_uart.dir/C_/Users/uu0132127/.pico-sdk/sdk/1.5.1/src/common/pico_util/pheap.c.obj
 *fill*         0x10004f4e        0x2 
 .rodata.__func__.3
                0x10004f50        0xc CMakeFiles/week1_uart.dir/C_/Users/uu0132127/.pico-sdk/sdk/1.5.1/src/common/pico_util/pheap.c.obj
 .rodata.clock_configure.str1.4
                0x10004f5c       0x63 CMakeFiles/week1_uart.dir/C_/Users/uu0132127/.pico-sdk/sdk/1.5.1/src/rp2_common/hardware_clocks/clocks.c.obj
 .rodata.__func__.1
                0x10004f5c       0x10 CMakeFiles/week1_uart.dir/C_/Users/uu0132127/.pico-sdk/sdk/1.5.1/src/rp2_common/hardware_clocks/clocks.c.obj
 .rodata.pll_init.str1.4
                0x10004f6c      0x130 CMakeFiles/week1_uart.dir/C_/Users/uu0132127/.pico-sdk/sdk/1.5.1/src/rp2_common/hardware_pll/pll.c.obj
 .rodata.__func__.0
                0x10004f6c        0x9 CMakeFiles/week1_uart.dir/C_/Users/uu0132127/.pico-sdk/sdk/1.5.1/src/rp2_common/hardware_pll/pll.c.obj
 .rodata.__assert_func.str1.4
                0x10004f75       0x43 CMakeFiles/week1_uart.dir/C_/Users/uu0132127/.pico-sdk/sdk/1.5.1/src/rp2_common/pico_runtime/runtime.c.obj
 .rodata.runtime_init.str1.4
                0x10004f75       0x6d CMakeFiles/week1_uart.dir/C_/Users/uu0132127/.pico-sdk/sdk/1.5.1/src/rp2_common/pico_runtime/runtime.c.obj
 .rodata.panic.str1.4
                0x10004f75       0x12 CMakeFiles/week1_uart.dir/C_/Users/uu0132127/.pico-sdk/sdk/1.5.1/src/rp2_common/pico_runtime/runtime.c.obj
 *fill*         0x10004f75        0x3 
 .rodata.__func__.2
                0x10004f78        0xd CMakeFiles/week1_uart.dir/C_/Users/uu0132127/.pico-sdk/sdk/1.5.1/src/rp2_common/pico_runtime/runtime.c.obj
 .rodata._ftoa.str1.4
                0x10004f85       0x15 CMakeFiles/week1_uart.dir/C_/Users/uu0132127/.pico-sdk/sdk/1.5.1/src/rp2_common/pico_printf/printf.c.obj
 *fill*         0x10004f85        0x3 
 .rodata._vsnprintf
                0x10004f88      0x19c CMakeFiles/week1_uart.dir/C_/Users/uu0132127/.pico-sdk/sdk/1.5.1/src/rp2_common/pico_printf/printf.c.obj
 *fill*         0x10005124        0x4 
 .rodata.pow10.0
                0x10005128       0x50 CMakeFiles/week1_uart.dir/C_/Users/uu0132127/.pico-sdk/sdk/1.5.1/src/rp2_common/pico_printf/printf.c.obj
 .rodata.__aeabi_double_init.str1.4
                0x10005178       0xa8 CMakeFiles/week1_uart.dir/C_/Users/uu0132127/.pico-sdk/sdk/1.5.1/src/rp2_common/pico_double/double_init_rom.c.obj
 .rodata.__func__.0
                0x10005178       0x14 CMakeFiles/week1_uart.dir/C_/Users/uu0132127/.pico-sdk/sdk/1.5.1/src/rp2_common/pico_double/double_init_rom.c.obj
 .rodata.__aeabi_float_init.str1.4
                0x1000518c       0x8a CMakeFiles/week1_uart.dir/C_/Users/uu0132127/.pico-sdk/sdk/1.5.1/src/rp2_common/pico_float/float_init_rom.c.obj
 .rodata.__func__.0
                0x1000518c       0x13 CMakeFiles/week1_uart.dir/C_/Users/uu0132127/.pico-sdk/sdk/1.5.1/src/rp2_common/pico_float/float_init_rom.c.obj
 .rodata.str1.4
                0x1000519f       0x44 CMakeFiles/week1_uart.dir/C_/Users/uu0132127/.pico-sdk/sdk/1.5.1/src/rp2_common/pico_standard_link/binary_info.c.obj
 *fill*         0x1000519f        0x1 
 .rodata.__bi_81
                0x100051a0        0xc CMakeFiles/week1_uart.dir/C_/Users/uu0132127/.pico-sdk/sdk/1.5.1/src/rp2_common/pico_standard_link/binary_info.c.obj
 .rodata.__bi_75
                0x100051ac        0xc CMakeFiles/week1_uart.dir/C_/Users/uu0132127/.pico-sdk/sdk/1.5.1/src/rp2_common/pico_standard_link/binary_info.c.obj
 .rodata.__bi_56
                0x100051b8        0xc CMakeFiles/week1_uart.dir/C_/Users/uu0132127/.pico-sdk/sdk/1.5.1/src/rp2_common/pico_standard_link/binary_info.c.obj
 .rodata.__bi_44
                0x100051c4        0xc CMakeFiles/week1_uart.dir/C_/Users/uu0132127/.pico-sdk/sdk/1.5.1/src/rp2_common/pico_standard_link/binary_info.c.obj
 .rodata.update_us_since_boot.str1.4
                0x100051d0       0x6d CMakeFiles/week1_uart.dir/C_/Users/uu0132127/.pico-sdk/sdk/1.5.1/src/rp2_common/pico_stdio/stdio.c.obj
 .rodata.crlf_str.2
                0x100051d0        0x2 CMakeFiles/week1_uart.dir/C_/Users/uu0132127/.pico-sdk/sdk/1.5.1/src/rp2_common/pico_stdio/stdio.c.obj
 *fill*         0x100051d2        0x2 
 .rodata.__func__.3
                0x100051d4       0x15 CMakeFiles/week1_uart.dir/C_/Users/uu0132127/.pico-sdk/sdk/1.5.1/src/rp2_common/pico_stdio/stdio.c.obj
                0x100051ec                        . = ALIGN (0x4)
 *fill*         0x100051e9        0x3 
 *(SORT_BY_ALIGNMENT(SORT_BY_NAME(.flashdata*)))
                0x100051ec                        . = ALIGN (0x4)

.ARM.extab
 *(.ARM.extab* .gnu.linkonce.armextab.*)
                0x100051ec                        __exidx_start = .

.ARM.exidx
 *(.ARM.exidx* .gnu.linkonce.armexidx.*)
                0x100051ec                        __exidx_end = .
                0x100051ec                        . = ALIGN (0x4)
                0x100051ec                        __binary_info_start = .

.binary_info    0x100051ec       0x20
 *(.binary_info.keep.*)
 .binary_info.keep.__bi_ptr81
                0x100051ec        0x4 CMakeFiles/week1_uart.dir/C_/Users/uu0132127/.pico-sdk/sdk/1.5.1/src/rp2_common/pico_standard_link/binary_info.c.obj
 .binary_info.keep.__bi_ptr75
                0x100051f0        0x4 CMakeFiles/week1_uart.dir/C_/Users/uu0132127/.pico-sdk/sdk/1.5.1/src/rp2_common/pico_standard_link/binary_info.c.obj
 .binary_info.keep.__bi_ptr56
                0x100051f4        0x4 CMakeFiles/week1_uart.dir/C_/Users/uu0132127/.pico-sdk/sdk/1.5.1/src/rp2_common/pico_standard_link/binary_info.c.obj
 .binary_info.keep.__bi_ptr50
                0x100051f8        0x4 CMakeFiles/week1_uart.dir/C_/Users/uu0132127/.pico-sdk/sdk/1.5.1/src/rp2_common/pico_standard_link/binary_info.c.obj
 .binary_info.keep.__bi_ptr44
                0x100051fc        0x4 CMakeFiles/week1_uart.dir/C_/Users/uu0132127/.pico-sdk/sdk/1.5.1/src/rp2_common/pico_standard_link/binary_info.c.obj
 .binary_info.keep.__bi_ptr38
                0x10005200        0x4 CMakeFiles/week1_uart.dir/C_/Users/uu0132127/.pico-sdk/sdk/1.5.1/src/rp2_common/pico_standard_link/binary_info.c.obj
 .binary_info.keep.__bi_ptr30
                0x10005204        0x4 CMakeFiles/week1_uart.dir/C_/Users/uu0132127/.pico-sdk/sdk/1.5.1/src/rp2_common/pico_standard_link/binary_info.c.obj
 .binary_info.keep.__bi_ptr22
                0x10005208        0x4 CMakeFiles/week1_uart.dir/C_/Users/uu0132127/.pico-sdk/sdk/1.5.1/src/rp2_common/pico_standard_link/binary_info.c.obj
 *(.binary_info.*)
                0x1000520c                        __binary_info_end = .

.rel.dyn        0x1000520c        0x0
 .rel.iplt      0x1000520c        0x0 C:/Users/uu0132127/.pico-sdk/toolchain/13_2_Rel1/bin/../lib/gcc/arm-none-eabi/13.2.1/thumb/v6-m/nofp/crtbegin.o
                0x1000520c                        . = ALIGN (0x4)

.ram_vector_table
                0x20000000       0xc0
 *(.ram_vector_table)
 .ram_vector_table
                0x20000000       0xc0 CMakeFiles/week1_uart.dir/C_/Users/uu0132127/.pico-sdk/sdk/1.5.1/src/rp2_common/pico_runtime/runtime.c.obj
                0x20000000                ram_vector_table

.data           0x200000c0      0x22c load address 0x1000520c
                0x200000c0                        __data_start__ = .
 *(vtable)
 *(.time_critical*)
 .time_critical.mutex_try_enter
                0x200000c0       0x46 CMakeFiles/week1_uart.dir/C_/Users/uu0132127/.pico-sdk/sdk/1.5.1/src/common/pico_sync/mutex.c.obj
                0x200000c0                mutex_try_enter
 *fill*         0x20000106        0x2 
 .time_critical.mutex_enter_block_until
                0x20000108       0x8c CMakeFiles/week1_uart.dir/C_/Users/uu0132127/.pico-sdk/sdk/1.5.1/src/common/pico_sync/mutex.c.obj
                0x20000108                mutex_enter_block_until
 .time_critical.mutex_try_enter_block_until
                0x20000194       0x34 CMakeFiles/week1_uart.dir/C_/Users/uu0132127/.pico-sdk/sdk/1.5.1/src/common/pico_sync/mutex.c.obj
                0x20000194                mutex_try_enter_block_until
 .time_critical.mutex_exit
                0x200001c8       0x4c CMakeFiles/week1_uart.dir/C_/Users/uu0132127/.pico-sdk/sdk/1.5.1/src/common/pico_sync/mutex.c.obj
                0x200001c8                mutex_exit
 *(.text*)
 .text          0x20000214        0x4 C:/Users/uu0132127/.pico-sdk/toolchain/13_2_Rel1/bin/../lib/gcc/arm-none-eabi/13.2.1/thumb/v6-m/nofp\libgcc.a(_dvmd_tls.o)
                0x20000214                __aeabi_idiv0
                0x20000214                __aeabi_ldiv0
 .text.__stub   0x20000218       0x20 linker stubs
                0x20000238                        . = ALIGN (0x4)
 *(.rodata*)
                0x20000238                        . = ALIGN (0x4)
 *(.data*)
 .data.striped_spin_lock_num
                0x20000238        0x1 CMakeFiles/week1_uart.dir/C_/Users/uu0132127/.pico-sdk/sdk/1.5.1/src/rp2_common/hardware_sync/sync.c.obj
 *fill*         0x20000239        0x3 
 .data          0x2000023c       0x48 CMakeFiles/week1_uart.dir/C_/Users/uu0132127/.pico-sdk/sdk/1.5.1/src/rp2_common/hardware_irq/irq_handler_chain.S.obj
                0x2000023c                irq_handler_chain_slots
                0x2000026c                irq_handler_chain_first_slot
                0x20000276                irq_handler_chain_remove_tail
 .data.default_alarm_pool
                0x20000284       0x18 CMakeFiles/week1_uart.dir/C_/Users/uu0132127/.pico-sdk/sdk/1.5.1/src/common/pico_time/time.c.obj
 .data.default_alarm_pool_heap
                0x2000029c       0x10 CMakeFiles/week1_uart.dir/C_/Users/uu0132127/.pico-sdk/sdk/1.5.1/src/common/pico_time/time.c.obj
 *fill*         0x200002ac        0x4 
 .data.aeabi_bits_funcs
                0x200002b0       0x10 CMakeFiles/week1_uart.dir/C_/Users/uu0132127/.pico-sdk/sdk/1.5.1/src/rp2_common/pico_bit_ops/bit_ops_aeabi.S.obj
                0x200002b0                aeabi_bits_funcs
                0x200002c0                aeabi_bits_funcs_end
 .data.aeabi_mem_funcs
                0x200002c0       0x10 CMakeFiles/week1_uart.dir/C_/Users/uu0132127/.pico-sdk/sdk/1.5.1/src/rp2_common/pico_mem_ops/mem_ops_aeabi.S.obj
                0x200002c0                aeabi_mem_funcs
                0x200002d0                aeabi_mem_funcs_end
                0x200002d0                        . = ALIGN (0x4)
 *(.after_data.*)
                0x200002d0                        . = ALIGN (0x4)
                0x200002d0                        PROVIDE (__mutex_array_start = .)
 *(SORT_BY_NAME(.mutex_array.*))
 *(.mutex_array)
 .mutex_array   0x200002d0        0x8 CMakeFiles/week1_uart.dir/C_/Users/uu0132127/.pico-sdk/sdk/1.5.1/src/rp2_common/pico_stdio/stdio.c.obj
                0x200002d8                        PROVIDE (__mutex_array_end = .)
                0x200002d8                        . = ALIGN (0x4)
                0x200002d8                        PROVIDE (__preinit_array_start = .)
 *(SORT_BY_NAME(.preinit_array.*))
 .preinit_array.00001
                0x200002d8        0x4 CMakeFiles/week1_uart.dir/C_/Users/uu0132127/.pico-sdk/sdk/1.5.1/src/rp2_common/pico_mem_ops/mem_ops_aeabi.S.obj
 .preinit_array.00010
                0x200002dc        0x4 CMakeFiles/week1_uart.dir/C_/Users/uu0132127/.pico-sdk/sdk/1.5.1/src/rp2_common/pico_bit_ops/bit_ops_aeabi.S.obj
 .preinit_array.00020
                0x200002e0        0x4 CMakeFiles/week1_uart.dir/C_/Users/uu0132127/.pico-sdk/sdk/1.5.1/src/rp2_common/pico_double/double_aeabi.S.obj
 .preinit_array.00020
                0x200002e4        0x4 CMakeFiles/week1_uart.dir/C_/Users/uu0132127/.pico-sdk/sdk/1.5.1/src/rp2_common/pico_float/float_aeabi.S.obj
 *(.preinit_array)
                0x200002e8                        PROVIDE (__preinit_array_end = .)
                0x200002e8                        . = ALIGN (0x4)
                0x200002e8                        PROVIDE (__init_array_start = .)
 *(SORT_BY_NAME(.init_array.*))
 *(.init_array)
 .init_array    0x200002e8        0x4 C:/Users/uu0132127/.pico-sdk/toolchain/13_2_Rel1/bin/../lib/gcc/arm-none-eabi/13.2.1/thumb/v6-m/nofp/crtbegin.o
                0x200002ec                        PROVIDE (__init_array_end = .)
                0x200002ec                        . = ALIGN (0x4)
                [!provide]                        PROVIDE (__fini_array_start = .)
 *(SORT_BY_NAME(.fini_array.*))
 *(.fini_array)
                [!provide]                        PROVIDE (__fini_array_end = .)
 *(.jcr)
                0x200002ec                        . = ALIGN (0x4)
                0x200002ec                        __data_end__ = .
                0x1000520c                        __etext = LOADADDR (.data)

.tm_clone_table
                0x200002ec        0x0 load address 0x10005438
 .tm_clone_table
                0x200002ec        0x0 C:/Users/uu0132127/.pico-sdk/toolchain/13_2_Rel1/bin/../lib/gcc/arm-none-eabi/13.2.1/thumb/v6-m/nofp/crtbegin.o
 .tm_clone_table
                0x200002ec        0x0 C:/Users/uu0132127/.pico-sdk/toolchain/13_2_Rel1/bin/../lib/gcc/arm-none-eabi/13.2.1/thumb/v6-m/nofp/crtend.o

.igot.plt       0x200002ec        0x0 load address 0x10005438
 .igot.plt      0x200002ec        0x0 C:/Users/uu0132127/.pico-sdk/toolchain/13_2_Rel1/bin/../lib/gcc/arm-none-eabi/13.2.1/thumb/v6-m/nofp/crtbegin.o

.uninitialized_data
                0x200002ec        0x0 load address 0x10005438
                0x200002ec                        . = ALIGN (0x4)
 *(.uninitialized_data*)

.scratch_x      0x20040000        0x0 load address 0x10005438
                0x20040000                        __scratch_x_start__ = .
 *(.scratch_x.*)
                0x20040000                        . = ALIGN (0x4)
                0x20040000                        __scratch_x_end__ = .
                0x10005438                        __scratch_x_source__ = LOADADDR (.scratch_x)

.scratch_y      0x20041000        0x0 load address 0x10005438
                0x20041000                        __scratch_y_start__ = .
 *(.scratch_y.*)
                0x20041000                        . = ALIGN (0x4)
                0x20041000                        __scratch_y_end__ = .
                0x10005438                        __scratch_y_source__ = LOADADDR (.scratch_y)

.bss            0x200002f0      0x3c8
                0x200002f0                        . = ALIGN (0x4)
                0x200002f0                        __bss_start__ = .
 *(SORT_BY_ALIGNMENT(SORT_BY_NAME(.bss*)))
 .bss.default_alarm_pool_entries
                0x200002f0      0x100 CMakeFiles/week1_uart.dir/C_/Users/uu0132127/.pico-sdk/sdk/1.5.1/src/common/pico_time/time.c.obj
 .bss.alarm_callbacks
                0x200003f0       0x10 CMakeFiles/week1_uart.dir/C_/Users/uu0132127/.pico-sdk/sdk/1.5.1/src/rp2_common/hardware_timer/timer.c.obj
 .bss.configured_freq
                0x20000400       0x28 CMakeFiles/week1_uart.dir/C_/Users/uu0132127/.pico-sdk/sdk/1.5.1/src/rp2_common/hardware_clocks/clocks.c.obj
 .bss.default_alarm_pool_entry_ids_high
                0x20000428       0x10 CMakeFiles/week1_uart.dir/C_/Users/uu0132127/.pico-sdk/sdk/1.5.1/src/common/pico_time/time.c.obj
 .bss.default_alarm_pool_heap_nodes
                0x20000438       0x30 CMakeFiles/week1_uart.dir/C_/Users/uu0132127/.pico-sdk/sdk/1.5.1/src/common/pico_time/time.c.obj
 .bss.drivers   0x20000468        0x4 CMakeFiles/week1_uart.dir/C_/Users/uu0132127/.pico-sdk/sdk/1.5.1/src/rp2_common/pico_stdio/stdio.c.obj
 .bss.filter    0x2000046c        0x4 CMakeFiles/week1_uart.dir/C_/Users/uu0132127/.pico-sdk/sdk/1.5.1/src/rp2_common/pico_stdio/stdio.c.obj
 .bss.object.0  0x20000470       0x18 C:/Users/uu0132127/.pico-sdk/toolchain/13_2_Rel1/bin/../lib/gcc/arm-none-eabi/13.2.1/thumb/v6-m/nofp/crtbegin.o
 .bss.pools     0x20000488       0x10 CMakeFiles/week1_uart.dir/C_/Users/uu0132127/.pico-sdk/sdk/1.5.1/src/common/pico_time/time.c.obj
 .bss.sd_table  0x20000498      0x100 CMakeFiles/week1_uart.dir/C_/Users/uu0132127/.pico-sdk/sdk/1.5.1/src/rp2_common/pico_double/double_init_rom.c.obj
                0x20000498                sd_table
 .bss.sf_clz_func
                0x20000598        0x4 CMakeFiles/week1_uart.dir/C_/Users/uu0132127/.pico-sdk/sdk/1.5.1/src/rp2_common/pico_double/double_init_rom.c.obj
                0x20000598                sf_clz_func
 .bss.sf_table  0x2000059c      0x100 CMakeFiles/week1_uart.dir/C_/Users/uu0132127/.pico-sdk/sdk/1.5.1/src/rp2_common/pico_float/float_init_rom.c.obj
                0x2000059c                sf_table
 .bss.sleep_notifier
                0x2000069c        0x4 CMakeFiles/week1_uart.dir/C_/Users/uu0132127/.pico-sdk/sdk/1.5.1/src/common/pico_time/time.c.obj
 .bss.target_hi
                0x200006a0       0x10 CMakeFiles/week1_uart.dir/C_/Users/uu0132127/.pico-sdk/sdk/1.5.1/src/rp2_common/hardware_timer/timer.c.obj
 .bss.uart_char_to_line_feed
                0x200006b0        0x4 CMakeFiles/week1_uart.dir/C_/Users/uu0132127/.pico-sdk/sdk/1.5.1/src/rp2_common/hardware_uart/uart.c.obj
                0x200006b0                uart_char_to_line_feed
 .bss.claimed   0x200006b4        0x1 CMakeFiles/week1_uart.dir/C_/Users/uu0132127/.pico-sdk/sdk/1.5.1/src/rp2_common/hardware_timer/timer.c.obj
 .bss.irq_hander_chain_free_slot_head
                0x200006b5        0x1 CMakeFiles/week1_uart.dir/C_/Users/uu0132127/.pico-sdk/sdk/1.5.1/src/rp2_common/hardware_irq/irq.c.obj
 .bss.timer_callbacks_pending
                0x200006b6        0x1 CMakeFiles/week1_uart.dir/C_/Users/uu0132127/.pico-sdk/sdk/1.5.1/src/rp2_common/hardware_timer/timer.c.obj
 *(COMMON)
                0x200006b8                        . = ALIGN (0x4)
 *fill*         0x200006b7        0x1 
                0x200006b8                        __bss_end__ = .

.heap           0x200006b8      0x800
                0x200006b8                        __end__ = .
                0x200006b8                        end = __end__
 *(.heap*)
 .heap          0x200006b8      0x800 CMakeFiles/week1_uart.dir/C_/Users/uu0132127/.pico-sdk/sdk/1.5.1/src/rp2_common/pico_standard_link/crt0.S.obj
                0x20000eb8                        __HeapLimit = .

.stack1_dummy
 *(.stack1*)

.stack_dummy    0x20041000      0x800
 *(.stack*)
 .stack         0x20041000      0x800 CMakeFiles/week1_uart.dir/C_/Users/uu0132127/.pico-sdk/sdk/1.5.1/src/rp2_common/pico_standard_link/crt0.S.obj

.flash_end      0x10005438        0x0
                0x10005438                        PROVIDE (__flash_binary_end = .)
                0x20040000                        __StackLimit = (ORIGIN (RAM) + LENGTH (RAM))
                0x20041000                        __StackOneTop = (ORIGIN (SCRATCH_X) + LENGTH (SCRATCH_X))
                0x20042000                        __StackTop = (ORIGIN (SCRATCH_Y) + LENGTH (SCRATCH_Y))
                0x20041000                        __StackOneBottom = (__StackOneTop - SIZEOF (.stack1_dummy))
                0x20041800                        __StackBottom = (__StackTop - SIZEOF (.stack_dummy))
                0x20042000                        PROVIDE (__stack = __StackTop)
                0x00000001                        ASSERT ((__StackLimit >= __HeapLimit), region RAM overflowed)
                0x00000001                        ASSERT (((__binary_info_header_end - __logical_binary_start) <= 0x100), Binary info must be in first 256 bytes of the binary)
LOAD CMakeFiles/week1_uart.dir/week1_uart.c.obj
LOAD CMakeFiles/week1_uart.dir/C_/Users/uu0132127/.pico-sdk/sdk/1.5.1/src/rp2_common/pico_stdlib/stdlib.c.obj
LOAD CMakeFiles/week1_uart.dir/C_/Users/uu0132127/.pico-sdk/sdk/1.5.1/src/rp2_common/hardware_gpio/gpio.c.obj
LOAD CMakeFiles/week1_uart.dir/C_/Users/uu0132127/.pico-sdk/sdk/1.5.1/src/rp2_common/pico_platform/platform.c.obj
LOAD CMakeFiles/week1_uart.dir/C_/Users/uu0132127/.pico-sdk/sdk/1.5.1/src/rp2_common/hardware_claim/claim.c.obj
LOAD CMakeFiles/week1_uart.dir/C_/Users/uu0132127/.pico-sdk/sdk/1.5.1/src/rp2_common/hardware_sync/sync.c.obj
LOAD CMakeFiles/week1_uart.dir/C_/Users/uu0132127/.pico-sdk/sdk/1.5.1/src/rp2_common/hardware_irq/irq.c.obj
LOAD CMakeFiles/week1_uart.dir/C_/Users/uu0132127/.pico-sdk/sdk/1.5.1/src/rp2_common/hardware_irq/irq_handler_chain.S.obj
LOAD CMakeFiles/week1_uart.dir/C_/Users/uu0132127/.pico-sdk/sdk/1.5.1/src/common/pico_sync/sem.c.obj
LOAD CMakeFiles/week1_uart.dir/C_/Users/uu0132127/.pico-sdk/sdk/1.5.1/src/common/pico_sync/lock_core.c.obj
LOAD CMakeFiles/week1_uart.dir/C_/Users/uu0132127/.pico-sdk/sdk/1.5.1/src/common/pico_sync/mutex.c.obj
LOAD CMakeFiles/week1_uart.dir/C_/Users/uu0132127/.pico-sdk/sdk/1.5.1/src/common/pico_sync/critical_section.c.obj
LOAD CMakeFiles/week1_uart.dir/C_/Users/uu0132127/.pico-sdk/sdk/1.5.1/src/common/pico_time/time.c.obj
LOAD CMakeFiles/week1_uart.dir/C_/Users/uu0132127/.pico-sdk/sdk/1.5.1/src/common/pico_time/timeout_helper.c.obj
LOAD CMakeFiles/week1_uart.dir/C_/Users/uu0132127/.pico-sdk/sdk/1.5.1/src/rp2_common/hardware_timer/timer.c.obj
LOAD CMakeFiles/week1_uart.dir/C_/Users/uu0132127/.pico-sdk/sdk/1.5.1/src/common/pico_util/datetime.c.obj
LOAD CMakeFiles/week1_uart.dir/C_/Users/uu0132127/.pico-sdk/sdk/1.5.1/src/common/pico_util/pheap.c.obj
LOAD CMakeFiles/week1_uart.dir/C_/Users/uu0132127/.pico-sdk/sdk/1.5.1/src/common/pico_util/queue.c.obj
LOAD CMakeFiles/week1_uart.dir/C_/Users/uu0132127/.pico-sdk/sdk/1.5.1/src/rp2_common/hardware_uart/uart.c.obj
LOAD CMakeFiles/week1_uart.dir/C_/Users/uu0132127/.pico-sdk/sdk/1.5.1/src/rp2_common/hardware_clocks/clocks.c.obj
LOAD CMakeFiles/week1_uart.dir/C_/Users/uu0132127/.pico-sdk/sdk/1.5.1/src/rp2_common/hardware_pll/pll.c.obj
LOAD CMakeFiles/week1_uart.dir/C_/Users/uu0132127/.pico-sdk/sdk/1.5.1/src/rp2_common/hardware_vreg/vreg.c.obj
LOAD CMakeFiles/week1_uart.dir/C_/Users/uu0132127/.pico-sdk/sdk/1.5.1/src/rp2_common/hardware_watchdog/watchdog.c.obj
LOAD CMakeFiles/week1_uart.dir/C_/Users/uu0132127/.pico-sdk/sdk/1.5.1/src/rp2_common/hardware_xosc/xosc.c.obj
LOAD CMakeFiles/week1_uart.dir/C_/Users/uu0132127/.pico-sdk/sdk/1.5.1/src/rp2_common/hardware_divider/divider.S.obj
LOAD CMakeFiles/week1_uart.dir/C_/Users/uu0132127/.pico-sdk/sdk/1.5.1/src/rp2_common/pico_runtime/runtime.c.obj
LOAD CMakeFiles/week1_uart.dir/C_/Users/uu0132127/.pico-sdk/sdk/1.5.1/src/rp2_common/pico_printf/printf.c.obj
LOAD CMakeFiles/week1_uart.dir/C_/Users/uu0132127/.pico-sdk/sdk/1.5.1/src/rp2_common/pico_bit_ops/bit_ops_aeabi.S.obj
LOAD CMakeFiles/week1_uart.dir/C_/Users/uu0132127/.pico-sdk/sdk/1.5.1/src/rp2_common/pico_bootrom/bootrom.c.obj
LOAD CMakeFiles/week1_uart.dir/C_/Users/uu0132127/.pico-sdk/sdk/1.5.1/src/rp2_common/pico_divider/divider.S.obj
LOAD CMakeFiles/week1_uart.dir/C_/Users/uu0132127/.pico-sdk/sdk/1.5.1/src/rp2_common/pico_double/double_aeabi.S.obj
LOAD CMakeFiles/week1_uart.dir/C_/Users/uu0132127/.pico-sdk/sdk/1.5.1/src/rp2_common/pico_double/double_init_rom.c.obj
LOAD CMakeFiles/week1_uart.dir/C_/Users/uu0132127/.pico-sdk/sdk/1.5.1/src/rp2_common/pico_double/double_math.c.obj
LOAD CMakeFiles/week1_uart.dir/C_/Users/uu0132127/.pico-sdk/sdk/1.5.1/src/rp2_common/pico_double/double_v1_rom_shim.S.obj
LOAD CMakeFiles/week1_uart.dir/C_/Users/uu0132127/.pico-sdk/sdk/1.5.1/src/rp2_common/pico_int64_ops/pico_int64_ops_aeabi.S.obj
LOAD CMakeFiles/week1_uart.dir/C_/Users/uu0132127/.pico-sdk/sdk/1.5.1/src/rp2_common/pico_float/float_aeabi.S.obj
LOAD CMakeFiles/week1_uart.dir/C_/Users/uu0132127/.pico-sdk/sdk/1.5.1/src/rp2_common/pico_float/float_init_rom.c.obj
LOAD CMakeFiles/week1_uart.dir/C_/Users/uu0132127/.pico-sdk/sdk/1.5.1/src/rp2_common/pico_float/float_math.c.obj
LOAD CMakeFiles/week1_uart.dir/C_/Users/uu0132127/.pico-sdk/sdk/1.5.1/src/rp2_common/pico_float/float_v1_rom_shim.S.obj
LOAD CMakeFiles/week1_uart.dir/C_/Users/uu0132127/.pico-sdk/sdk/1.5.1/src/rp2_common/pico_malloc/pico_malloc.c.obj
LOAD CMakeFiles/week1_uart.dir/C_/Users/uu0132127/.pico-sdk/sdk/1.5.1/src/rp2_common/pico_mem_ops/mem_ops_aeabi.S.obj
LOAD CMakeFiles/week1_uart.dir/C_/Users/uu0132127/.pico-sdk/sdk/1.5.1/src/rp2_common/pico_standard_link/crt0.S.obj
LOAD CMakeFiles/week1_uart.dir/C_/Users/uu0132127/.pico-sdk/sdk/1.5.1/src/rp2_common/pico_standard_link/new_delete.cpp.obj
LOAD CMakeFiles/week1_uart.dir/C_/Users/uu0132127/.pico-sdk/sdk/1.5.1/src/rp2_common/pico_standard_link/binary_info.c.obj
LOAD CMakeFiles/week1_uart.dir/C_/Users/uu0132127/.pico-sdk/sdk/1.5.1/src/rp2_common/pico_stdio/stdio.c.obj
LOAD CMakeFiles/week1_uart.dir/C_/Users/uu0132127/.pico-sdk/sdk/1.5.1/src/rp2_common/pico_stdio_uart/stdio_uart.c.obj
LOAD C:\Users\UU0132~1\AppData\Local\Temp\cc6TFnhR.o
LOAD C:/Users/uu0132127/.pico-sdk/toolchain/13_2_Rel1/bin/../lib/gcc/arm-none-eabi/13.2.1/thumb/v6-m/nofp\libstdc++.a
LOAD C:/Users/uu0132127/.pico-sdk/toolchain/13_2_Rel1/bin/../lib/gcc/arm-none-eabi/13.2.1/thumb/v6-m/nofp\libm.a
START GROUP
LOAD C:/Users/uu0132127/.pico-sdk/toolchain/13_2_Rel1/bin/../lib/gcc/arm-none-eabi/13.2.1/thumb/v6-m/nofp\libgcc.a
LOAD C:/Users/uu0132127/.pico-sdk/toolchain/13_2_Rel1/bin/../lib/gcc/arm-none-eabi/13.2.1/thumb/v6-m/nofp\libg.a
LOAD C:/Users/uu0132127/.pico-sdk/toolchain/13_2_Rel1/bin/../lib/gcc/arm-none-eabi/13.2.1/thumb/v6-m/nofp\libc.a
END GROUP
START GROUP
LOAD C:/Users/uu0132127/.pico-sdk/toolchain/13_2_Rel1/bin/../lib/gcc/arm-none-eabi/13.2.1/thumb/v6-m/nofp\libgcc.a
LOAD C:/Users/uu0132127/.pico-sdk/toolchain/13_2_Rel1/bin/../lib/gcc/arm-none-eabi/13.2.1/thumb/v6-m/nofp\libc.a
LOAD C:/Users/uu0132127/.pico-sdk/toolchain/13_2_Rel1/bin/../lib/gcc/arm-none-eabi/13.2.1/thumb/v6-m/nofp\libnosys.a
END GROUP
LOAD C:/Users/uu0132127/.pico-sdk/toolchain/13_2_Rel1/bin/../lib/gcc/arm-none-eabi/13.2.1/thumb/v6-m/nofp/crtend.o
LOAD C:/Users/uu0132127/.pico-sdk/toolchain/13_2_Rel1/bin/../lib/gcc/arm-none-eabi/13.2.1/thumb/v6-m/nofp/crtn.o
OUTPUT(week1_uart.elf elf32-littlearm)
LOAD linker stubs

.ARM.attributes
                0x00000000       0x28
 .ARM.attributes
                0x00000000       0x1e C:/Users/uu0132127/.pico-sdk/toolchain/13_2_Rel1/bin/../lib/gcc/arm-none-eabi/13.2.1/thumb/v6-m/nofp/crti.o
 .ARM.attributes
                0x0000001e       0x2c C:/Users/uu0132127/.pico-sdk/toolchain/13_2_Rel1/bin/../lib/gcc/arm-none-eabi/13.2.1/thumb/v6-m/nofp/crtbegin.o
 .ARM.attributes
                0x0000004a       0x2c CMakeFiles/week1_uart.dir/week1_uart.c.obj
 .ARM.attributes
                0x00000076       0x2c CMakeFiles/week1_uart.dir/C_/Users/uu0132127/.pico-sdk/sdk/1.5.1/src/rp2_common/hardware_gpio/gpio.c.obj
 .ARM.attributes
                0x000000a2       0x2c CMakeFiles/week1_uart.dir/C_/Users/uu0132127/.pico-sdk/sdk/1.5.1/src/rp2_common/pico_platform/platform.c.obj
 .ARM.attributes
                0x000000ce       0x2c CMakeFiles/week1_uart.dir/C_/Users/uu0132127/.pico-sdk/sdk/1.5.1/src/rp2_common/hardware_claim/claim.c.obj
 .ARM.attributes
                0x000000fa       0x2c CMakeFiles/week1_uart.dir/C_/Users/uu0132127/.pico-sdk/sdk/1.5.1/src/rp2_common/hardware_sync/sync.c.obj
 .ARM.attributes
                0x00000126       0x2c CMakeFiles/week1_uart.dir/C_/Users/uu0132127/.pico-sdk/sdk/1.5.1/src/rp2_common/hardware_irq/irq.c.obj
 .ARM.attributes
                0x00000152       0x22 CMakeFiles/week1_uart.dir/C_/Users/uu0132127/.pico-sdk/sdk/1.5.1/src/rp2_common/hardware_irq/irq_handler_chain.S.obj
 .ARM.attributes
                0x00000174       0x2c CMakeFiles/week1_uart.dir/C_/Users/uu0132127/.pico-sdk/sdk/1.5.1/src/common/pico_sync/lock_core.c.obj
 .ARM.attributes
                0x000001a0       0x2c CMakeFiles/week1_uart.dir/C_/Users/uu0132127/.pico-sdk/sdk/1.5.1/src/common/pico_sync/mutex.c.obj
 .ARM.attributes
                0x000001cc       0x2c CMakeFiles/week1_uart.dir/C_/Users/uu0132127/.pico-sdk/sdk/1.5.1/src/common/pico_time/time.c.obj
 .ARM.attributes
                0x000001f8       0x2c CMakeFiles/week1_uart.dir/C_/Users/uu0132127/.pico-sdk/sdk/1.5.1/src/rp2_common/hardware_timer/timer.c.obj
 .ARM.attributes
                0x00000224       0x2c CMakeFiles/week1_uart.dir/C_/Users/uu0132127/.pico-sdk/sdk/1.5.1/src/common/pico_util/pheap.c.obj
 .ARM.attributes
                0x00000250       0x2c CMakeFiles/week1_uart.dir/C_/Users/uu0132127/.pico-sdk/sdk/1.5.1/src/rp2_common/hardware_uart/uart.c.obj
 .ARM.attributes
                0x0000027c       0x2c CMakeFiles/week1_uart.dir/C_/Users/uu0132127/.pico-sdk/sdk/1.5.1/src/rp2_common/hardware_clocks/clocks.c.obj
 .ARM.attributes
                0x000002a8       0x2c CMakeFiles/week1_uart.dir/C_/Users/uu0132127/.pico-sdk/sdk/1.5.1/src/rp2_common/hardware_pll/pll.c.obj
 .ARM.attributes
                0x000002d4       0x2c CMakeFiles/week1_uart.dir/C_/Users/uu0132127/.pico-sdk/sdk/1.5.1/src/rp2_common/hardware_watchdog/watchdog.c.obj
 .ARM.attributes
                0x00000300       0x2c CMakeFiles/week1_uart.dir/C_/Users/uu0132127/.pico-sdk/sdk/1.5.1/src/rp2_common/hardware_xosc/xosc.c.obj
 .ARM.attributes
                0x0000032c       0x2c CMakeFiles/week1_uart.dir/C_/Users/uu0132127/.pico-sdk/sdk/1.5.1/src/rp2_common/pico_runtime/runtime.c.obj
 .ARM.attributes
                0x00000358       0x2c CMakeFiles/week1_uart.dir/C_/Users/uu0132127/.pico-sdk/sdk/1.5.1/src/rp2_common/pico_printf/printf.c.obj
 .ARM.attributes
                0x00000384       0x22 CMakeFiles/week1_uart.dir/C_/Users/uu0132127/.pico-sdk/sdk/1.5.1/src/rp2_common/pico_bit_ops/bit_ops_aeabi.S.obj
 .ARM.attributes
                0x000003a6       0x2c CMakeFiles/week1_uart.dir/C_/Users/uu0132127/.pico-sdk/sdk/1.5.1/src/rp2_common/pico_bootrom/bootrom.c.obj
 .ARM.attributes
                0x000003d2       0x22 CMakeFiles/week1_uart.dir/C_/Users/uu0132127/.pico-sdk/sdk/1.5.1/src/rp2_common/pico_divider/divider.S.obj
 .ARM.attributes
                0x000003f4       0x22 CMakeFiles/week1_uart.dir/C_/Users/uu0132127/.pico-sdk/sdk/1.5.1/src/rp2_common/pico_double/double_aeabi.S.obj
 .ARM.attributes
                0x00000416       0x2c CMakeFiles/week1_uart.dir/C_/Users/uu0132127/.pico-sdk/sdk/1.5.1/src/rp2_common/pico_double/double_init_rom.c.obj
 .ARM.attributes
                0x00000442       0x22 CMakeFiles/week1_uart.dir/C_/Users/uu0132127/.pico-sdk/sdk/1.5.1/src/rp2_common/pico_double/double_v1_rom_shim.S.obj
 .ARM.attributes
                0x00000464       0x22 CMakeFiles/week1_uart.dir/C_/Users/uu0132127/.pico-sdk/sdk/1.5.1/src/rp2_common/pico_int64_ops/pico_int64_ops_aeabi.S.obj
 .ARM.attributes
                0x00000486       0x22 CMakeFiles/week1_uart.dir/C_/Users/uu0132127/.pico-sdk/sdk/1.5.1/src/rp2_common/pico_float/float_aeabi.S.obj
 .ARM.attributes
                0x000004a8       0x2c CMakeFiles/week1_uart.dir/C_/Users/uu0132127/.pico-sdk/sdk/1.5.1/src/rp2_common/pico_float/float_init_rom.c.obj
 .ARM.attributes
                0x000004d4       0x22 CMakeFiles/week1_uart.dir/C_/Users/uu0132127/.pico-sdk/sdk/1.5.1/src/rp2_common/pico_float/float_v1_rom_shim.S.obj
 .ARM.attributes
                0x000004f6       0x22 CMakeFiles/week1_uart.dir/C_/Users/uu0132127/.pico-sdk/sdk/1.5.1/src/rp2_common/pico_mem_ops/mem_ops_aeabi.S.obj
 .ARM.attributes
                0x00000518       0x22 CMakeFiles/week1_uart.dir/C_/Users/uu0132127/.pico-sdk/sdk/1.5.1/src/rp2_common/pico_standard_link/crt0.S.obj
 .ARM.attributes
                0x0000053a       0x2c CMakeFiles/week1_uart.dir/C_/Users/uu0132127/.pico-sdk/sdk/1.5.1/src/rp2_common/pico_standard_link/binary_info.c.obj
 .ARM.attributes
                0x00000566       0x2c CMakeFiles/week1_uart.dir/C_/Users/uu0132127/.pico-sdk/sdk/1.5.1/src/rp2_common/pico_stdio/stdio.c.obj
 .ARM.attributes
                0x00000592       0x22 C:\Users\UU0132~1\AppData\Local\Temp\cc6TFnhR.o
 .ARM.attributes
                0x000005b4       0x1e C:/Users/uu0132127/.pico-sdk/toolchain/13_2_Rel1/bin/../lib/gcc/arm-none-eabi/13.2.1/thumb/v6-m/nofp\libgcc.a(_dvmd_tls.o)
 .ARM.attributes
                0x000005d2       0x2c C:/Users/uu0132127/.pico-sdk/toolchain/13_2_Rel1/bin/../lib/gcc/arm-none-eabi/13.2.1/thumb/v6-m/nofp\libg.a(libc_a-strlen-stub.o)
 .ARM.attributes
                0x000005fe       0x2c C:/Users/uu0132127/.pico-sdk/toolchain/13_2_Rel1/bin/../lib/gcc/arm-none-eabi/13.2.1/thumb/v6-m/nofp/crtend.o

.comment        0x00000000       0x44
 .comment       0x00000000       0x44 CMakeFiles/week1_uart.dir/week1_uart.c.obj
                                 0x45 (size before relaxing)
 .comment       0x00000044       0x45 CMakeFiles/week1_uart.dir/C_/Users/uu0132127/.pico-sdk/sdk/1.5.1/src/rp2_common/hardware_gpio/gpio.c.obj
 .comment       0x00000044       0x45 CMakeFiles/week1_uart.dir/C_/Users/uu0132127/.pico-sdk/sdk/1.5.1/src/rp2_common/pico_platform/platform.c.obj
 .comment       0x00000044       0x45 CMakeFiles/week1_uart.dir/C_/Users/uu0132127/.pico-sdk/sdk/1.5.1/src/rp2_common/hardware_claim/claim.c.obj
 .comment       0x00000044       0x45 CMakeFiles/week1_uart.dir/C_/Users/uu0132127/.pico-sdk/sdk/1.5.1/src/rp2_common/hardware_sync/sync.c.obj
 .comment       0x00000044       0x45 CMakeFiles/week1_uart.dir/C_/Users/uu0132127/.pico-sdk/sdk/1.5.1/src/rp2_common/hardware_irq/irq.c.obj
 .comment       0x00000044       0x45 CMakeFiles/week1_uart.dir/C_/Users/uu0132127/.pico-sdk/sdk/1.5.1/src/common/pico_sync/lock_core.c.obj
 .comment       0x00000044       0x45 CMakeFiles/week1_uart.dir/C_/Users/uu0132127/.pico-sdk/sdk/1.5.1/src/common/pico_sync/mutex.c.obj
 .comment       0x00000044       0x45 CMakeFiles/week1_uart.dir/C_/Users/uu0132127/.pico-sdk/sdk/1.5.1/src/common/pico_time/time.c.obj
 .comment       0x00000044       0x45 CMakeFiles/week1_uart.dir/C_/Users/uu0132127/.pico-sdk/sdk/1.5.1/src/rp2_common/hardware_timer/timer.c.obj
 .comment       0x00000044       0x45 CMakeFiles/week1_uart.dir/C_/Users/uu0132127/.pico-sdk/sdk/1.5.1/src/common/pico_util/pheap.c.obj
 .comment       0x00000044       0x45 CMakeFiles/week1_uart.dir/C_/Users/uu0132127/.pico-sdk/sdk/1.5.1/src/rp2_common/hardware_uart/uart.c.obj
 .comment       0x00000044       0x45 CMakeFiles/week1_uart.dir/C_/Users/uu0132127/.pico-sdk/sdk/1.5.1/src/rp2_common/hardware_clocks/clocks.c.obj
 .comment       0x00000044       0x45 CMakeFiles/week1_uart.dir/C_/Users/uu0132127/.pico-sdk/sdk/1.5.1/src/rp2_common/hardware_pll/pll.c.obj
 .comment       0x00000044       0x45 CMakeFiles/week1_uart.dir/C_/Users/uu0132127/.pico-sdk/sdk/1.5.1/src/rp2_common/hardware_watchdog/watchdog.c.obj
 .comment       0x00000044       0x45 CMakeFiles/week1_uart.dir/C_/Users/uu0132127/.pico-sdk/sdk/1.5.1/src/rp2_common/hardware_xosc/xosc.c.obj
 .comment       0x00000044       0x45 CMakeFiles/week1_uart.dir/C_/Users/uu0132127/.pico-sdk/sdk/1.5.1/src/rp2_common/pico_runtime/runtime.c.obj
 .comment       0x00000044       0x45 CMakeFiles/week1_uart.dir/C_/Users/uu0132127/.pico-sdk/sdk/1.5.1/src/rp2_common/pico_printf/printf.c.obj
 .comment       0x00000044       0x45 CMakeFiles/week1_uart.dir/C_/Users/uu0132127/.pico-sdk/sdk/1.5.1/src/rp2_common/pico_bootrom/bootrom.c.obj
 .comment       0x00000044       0x45 CMakeFiles/week1_uart.dir/C_/Users/uu0132127/.pico-sdk/sdk/1.5.1/src/rp2_common/pico_double/double_init_rom.c.obj
 .comment       0x00000044       0x45 CMakeFiles/week1_uart.dir/C_/Users/uu0132127/.pico-sdk/sdk/1.5.1/src/rp2_common/pico_float/float_init_rom.c.obj
 .comment       0x00000044       0x45 CMakeFiles/week1_uart.dir/C_/Users/uu0132127/.pico-sdk/sdk/1.5.1/src/rp2_common/pico_standard_link/binary_info.c.obj
 .comment       0x00000044       0x45 CMakeFiles/week1_uart.dir/C_/Users/uu0132127/.pico-sdk/sdk/1.5.1/src/rp2_common/pico_stdio/stdio.c.obj

.debug_info     0x00000000    0x136d4
 .debug_info    0x00000000      0x6d8 CMakeFiles/week1_uart.dir/week1_uart.c.obj
 .debug_info    0x000006d8     0x184b CMakeFiles/week1_uart.dir/C_/Users/uu0132127/.pico-sdk/sdk/1.5.1/src/rp2_common/hardware_gpio/gpio.c.obj
 .debug_info    0x00001f23      0x1fb CMakeFiles/week1_uart.dir/C_/Users/uu0132127/.pico-sdk/sdk/1.5.1/src/rp2_common/pico_platform/platform.c.obj
 .debug_info    0x0000211e      0x69a CMakeFiles/week1_uart.dir/C_/Users/uu0132127/.pico-sdk/sdk/1.5.1/src/rp2_common/hardware_claim/claim.c.obj
 .debug_info    0x000027b8      0x5fa CMakeFiles/week1_uart.dir/C_/Users/uu0132127/.pico-sdk/sdk/1.5.1/src/rp2_common/hardware_sync/sync.c.obj
 .debug_info    0x00002db2     0x1c43 CMakeFiles/week1_uart.dir/C_/Users/uu0132127/.pico-sdk/sdk/1.5.1/src/rp2_common/hardware_irq/irq.c.obj
 .debug_info    0x000049f5      0x1a3 CMakeFiles/week1_uart.dir/C_/Users/uu0132127/.pico-sdk/sdk/1.5.1/src/common/pico_sync/lock_core.c.obj
 .debug_info    0x00004b98     0x1d29 CMakeFiles/week1_uart.dir/C_/Users/uu0132127/.pico-sdk/sdk/1.5.1/src/common/pico_sync/mutex.c.obj
 .debug_info    0x000068c1     0x33f9 CMakeFiles/week1_uart.dir/C_/Users/uu0132127/.pico-sdk/sdk/1.5.1/src/common/pico_time/time.c.obj
 .debug_info    0x00009cba     0x145b CMakeFiles/week1_uart.dir/C_/Users/uu0132127/.pico-sdk/sdk/1.5.1/src/rp2_common/hardware_timer/timer.c.obj
 .debug_info    0x0000b115      0xe82 CMakeFiles/week1_uart.dir/C_/Users/uu0132127/.pico-sdk/sdk/1.5.1/src/common/pico_util/pheap.c.obj
 .debug_info    0x0000bf97      0xd98 CMakeFiles/week1_uart.dir/C_/Users/uu0132127/.pico-sdk/sdk/1.5.1/src/rp2_common/hardware_uart/uart.c.obj
 .debug_info    0x0000cd2f      0xfe7 CMakeFiles/week1_uart.dir/C_/Users/uu0132127/.pico-sdk/sdk/1.5.1/src/rp2_common/hardware_clocks/clocks.c.obj
 .debug_info    0x0000dd16      0x505 CMakeFiles/week1_uart.dir/C_/Users/uu0132127/.pico-sdk/sdk/1.5.1/src/rp2_common/hardware_pll/pll.c.obj
 .debug_info    0x0000e21b      0x4d8 CMakeFiles/week1_uart.dir/C_/Users/uu0132127/.pico-sdk/sdk/1.5.1/src/rp2_common/hardware_watchdog/watchdog.c.obj
 .debug_info    0x0000e6f3      0x1c7 CMakeFiles/week1_uart.dir/C_/Users/uu0132127/.pico-sdk/sdk/1.5.1/src/rp2_common/hardware_xosc/xosc.c.obj
 .debug_info    0x0000e8ba      0xf23 CMakeFiles/week1_uart.dir/C_/Users/uu0132127/.pico-sdk/sdk/1.5.1/src/rp2_common/pico_runtime/runtime.c.obj
 .debug_info    0x0000f7dd     0x19db CMakeFiles/week1_uart.dir/C_/Users/uu0132127/.pico-sdk/sdk/1.5.1/src/rp2_common/pico_printf/printf.c.obj
 .debug_info    0x000111b8       0x23 CMakeFiles/week1_uart.dir/C_/Users/uu0132127/.pico-sdk/sdk/1.5.1/src/rp2_common/pico_bit_ops/bit_ops_aeabi.S.obj
 .debug_info    0x000111db      0x331 CMakeFiles/week1_uart.dir/C_/Users/uu0132127/.pico-sdk/sdk/1.5.1/src/rp2_common/pico_bootrom/bootrom.c.obj
 .debug_info    0x0001150c       0x23 CMakeFiles/week1_uart.dir/C_/Users/uu0132127/.pico-sdk/sdk/1.5.1/src/rp2_common/pico_divider/divider.S.obj
 .debug_info    0x0001152f       0x23 CMakeFiles/week1_uart.dir/C_/Users/uu0132127/.pico-sdk/sdk/1.5.1/src/rp2_common/pico_double/double_aeabi.S.obj
 .debug_info    0x00011552      0x33b CMakeFiles/week1_uart.dir/C_/Users/uu0132127/.pico-sdk/sdk/1.5.1/src/rp2_common/pico_double/double_init_rom.c.obj
 .debug_info    0x0001188d       0x23 CMakeFiles/week1_uart.dir/C_/Users/uu0132127/.pico-sdk/sdk/1.5.1/src/rp2_common/pico_double/double_v1_rom_shim.S.obj
 .debug_info    0x000118b0       0x24 CMakeFiles/week1_uart.dir/C_/Users/uu0132127/.pico-sdk/sdk/1.5.1/src/rp2_common/pico_int64_ops/pico_int64_ops_aeabi.S.obj
 .debug_info    0x000118d4       0x23 CMakeFiles/week1_uart.dir/C_/Users/uu0132127/.pico-sdk/sdk/1.5.1/src/rp2_common/pico_float/float_aeabi.S.obj
 .debug_info    0x000118f7      0x34f CMakeFiles/week1_uart.dir/C_/Users/uu0132127/.pico-sdk/sdk/1.5.1/src/rp2_common/pico_float/float_init_rom.c.obj
 .debug_info    0x00011c46       0x23 CMakeFiles/week1_uart.dir/C_/Users/uu0132127/.pico-sdk/sdk/1.5.1/src/rp2_common/pico_float/float_v1_rom_shim.S.obj
 .debug_info    0x00011c69       0x23 CMakeFiles/week1_uart.dir/C_/Users/uu0132127/.pico-sdk/sdk/1.5.1/src/rp2_common/pico_mem_ops/mem_ops_aeabi.S.obj
 .debug_info    0x00011c8c       0x23 CMakeFiles/week1_uart.dir/C_/Users/uu0132127/.pico-sdk/sdk/1.5.1/src/rp2_common/pico_standard_link/crt0.S.obj
 .debug_info    0x00011caf      0x2e2 CMakeFiles/week1_uart.dir/C_/Users/uu0132127/.pico-sdk/sdk/1.5.1/src/rp2_common/pico_standard_link/binary_info.c.obj
 .debug_info    0x00011f91     0x1743 CMakeFiles/week1_uart.dir/C_/Users/uu0132127/.pico-sdk/sdk/1.5.1/src/rp2_common/pico_stdio/stdio.c.obj

.debug_abbrev   0x00000000     0x4232
 .debug_abbrev  0x00000000      0x2cf CMakeFiles/week1_uart.dir/week1_uart.c.obj
 .debug_abbrev  0x000002cf      0x3a6 CMakeFiles/week1_uart.dir/C_/Users/uu0132127/.pico-sdk/sdk/1.5.1/src/rp2_common/hardware_gpio/gpio.c.obj
 .debug_abbrev  0x00000675       0xf8 CMakeFiles/week1_uart.dir/C_/Users/uu0132127/.pico-sdk/sdk/1.5.1/src/rp2_common/pico_platform/platform.c.obj
 .debug_abbrev  0x0000076d      0x2ce CMakeFiles/week1_uart.dir/C_/Users/uu0132127/.pico-sdk/sdk/1.5.1/src/rp2_common/hardware_claim/claim.c.obj
 .debug_abbrev  0x00000a3b      0x249 CMakeFiles/week1_uart.dir/C_/Users/uu0132127/.pico-sdk/sdk/1.5.1/src/rp2_common/hardware_sync/sync.c.obj
 .debug_abbrev  0x00000c84      0x500 CMakeFiles/week1_uart.dir/C_/Users/uu0132127/.pico-sdk/sdk/1.5.1/src/rp2_common/hardware_irq/irq.c.obj
 .debug_abbrev  0x00001184      0x116 CMakeFiles/week1_uart.dir/C_/Users/uu0132127/.pico-sdk/sdk/1.5.1/src/common/pico_sync/lock_core.c.obj
 .debug_abbrev  0x0000129a      0x3f1 CMakeFiles/week1_uart.dir/C_/Users/uu0132127/.pico-sdk/sdk/1.5.1/src/common/pico_sync/mutex.c.obj
 .debug_abbrev  0x0000168b      0x5c3 CMakeFiles/week1_uart.dir/C_/Users/uu0132127/.pico-sdk/sdk/1.5.1/src/common/pico_time/time.c.obj
 .debug_abbrev  0x00001c4e      0x3d5 CMakeFiles/week1_uart.dir/C_/Users/uu0132127/.pico-sdk/sdk/1.5.1/src/rp2_common/hardware_timer/timer.c.obj
 .debug_abbrev  0x00002023      0x290 CMakeFiles/week1_uart.dir/C_/Users/uu0132127/.pico-sdk/sdk/1.5.1/src/common/pico_util/pheap.c.obj
 .debug_abbrev  0x000022b3      0x349 CMakeFiles/week1_uart.dir/C_/Users/uu0132127/.pico-sdk/sdk/1.5.1/src/rp2_common/hardware_uart/uart.c.obj
 .debug_abbrev  0x000025fc      0x434 CMakeFiles/week1_uart.dir/C_/Users/uu0132127/.pico-sdk/sdk/1.5.1/src/rp2_common/hardware_clocks/clocks.c.obj
 .debug_abbrev  0x00002a30      0x1e7 CMakeFiles/week1_uart.dir/C_/Users/uu0132127/.pico-sdk/sdk/1.5.1/src/rp2_common/hardware_pll/pll.c.obj
 .debug_abbrev  0x00002c17      0x1a8 CMakeFiles/week1_uart.dir/C_/Users/uu0132127/.pico-sdk/sdk/1.5.1/src/rp2_common/hardware_watchdog/watchdog.c.obj
 .debug_abbrev  0x00002dbf      0x10c CMakeFiles/week1_uart.dir/C_/Users/uu0132127/.pico-sdk/sdk/1.5.1/src/rp2_common/hardware_xosc/xosc.c.obj
 .debug_abbrev  0x00002ecb      0x530 CMakeFiles/week1_uart.dir/C_/Users/uu0132127/.pico-sdk/sdk/1.5.1/src/rp2_common/pico_runtime/runtime.c.obj
 .debug_abbrev  0x000033fb      0x371 CMakeFiles/week1_uart.dir/C_/Users/uu0132127/.pico-sdk/sdk/1.5.1/src/rp2_common/pico_printf/printf.c.obj
 .debug_abbrev  0x0000376c       0x12 CMakeFiles/week1_uart.dir/C_/Users/uu0132127/.pico-sdk/sdk/1.5.1/src/rp2_common/pico_bit_ops/bit_ops_aeabi.S.obj
 .debug_abbrev  0x0000377e      0x167 CMakeFiles/week1_uart.dir/C_/Users/uu0132127/.pico-sdk/sdk/1.5.1/src/rp2_common/pico_bootrom/bootrom.c.obj
 .debug_abbrev  0x000038e5       0x12 CMakeFiles/week1_uart.dir/C_/Users/uu0132127/.pico-sdk/sdk/1.5.1/src/rp2_common/pico_divider/divider.S.obj
 .debug_abbrev  0x000038f7       0x12 CMakeFiles/week1_uart.dir/C_/Users/uu0132127/.pico-sdk/sdk/1.5.1/src/rp2_common/pico_double/double_aeabi.S.obj
 .debug_abbrev  0x00003909      0x1c3 CMakeFiles/week1_uart.dir/C_/Users/uu0132127/.pico-sdk/sdk/1.5.1/src/rp2_common/pico_double/double_init_rom.c.obj
 .debug_abbrev  0x00003acc       0x12 CMakeFiles/week1_uart.dir/C_/Users/uu0132127/.pico-sdk/sdk/1.5.1/src/rp2_common/pico_double/double_v1_rom_shim.S.obj
 .debug_abbrev  0x00003ade       0x14 CMakeFiles/week1_uart.dir/C_/Users/uu0132127/.pico-sdk/sdk/1.5.1/src/rp2_common/pico_int64_ops/pico_int64_ops_aeabi.S.obj
 .debug_abbrev  0x00003af2       0x12 CMakeFiles/week1_uart.dir/C_/Users/uu0132127/.pico-sdk/sdk/1.5.1/src/rp2_common/pico_float/float_aeabi.S.obj
 .debug_abbrev  0x00003b04      0x1c6 CMakeFiles/week1_uart.dir/C_/Users/uu0132127/.pico-sdk/sdk/1.5.1/src/rp2_common/pico_float/float_init_rom.c.obj
 .debug_abbrev  0x00003cca       0x12 CMakeFiles/week1_uart.dir/C_/Users/uu0132127/.pico-sdk/sdk/1.5.1/src/rp2_common/pico_float/float_v1_rom_shim.S.obj
 .debug_abbrev  0x00003cdc       0x12 CMakeFiles/week1_uart.dir/C_/Users/uu0132127/.pico-sdk/sdk/1.5.1/src/rp2_common/pico_mem_ops/mem_ops_aeabi.S.obj
 .debug_abbrev  0x00003cee       0x12 CMakeFiles/week1_uart.dir/C_/Users/uu0132127/.pico-sdk/sdk/1.5.1/src/rp2_common/pico_standard_link/crt0.S.obj
 .debug_abbrev  0x00003d00       0xb8 CMakeFiles/week1_uart.dir/C_/Users/uu0132127/.pico-sdk/sdk/1.5.1/src/rp2_common/pico_standard_link/binary_info.c.obj
 .debug_abbrev  0x00003db8      0x47a CMakeFiles/week1_uart.dir/C_/Users/uu0132127/.pico-sdk/sdk/1.5.1/src/rp2_common/pico_stdio/stdio.c.obj

.debug_loclists
                0x00000000     0x826e
 .debug_loclists
                0x00000000      0x22c CMakeFiles/week1_uart.dir/week1_uart.c.obj
 .debug_loclists
                0x0000022c      0xb61 CMakeFiles/week1_uart.dir/C_/Users/uu0132127/.pico-sdk/sdk/1.5.1/src/rp2_common/hardware_gpio/gpio.c.obj
 .debug_loclists
                0x00000d8d       0xad CMakeFiles/week1_uart.dir/C_/Users/uu0132127/.pico-sdk/sdk/1.5.1/src/rp2_common/pico_platform/platform.c.obj
 .debug_loclists
                0x00000e3a      0x2af CMakeFiles/week1_uart.dir/C_/Users/uu0132127/.pico-sdk/sdk/1.5.1/src/rp2_common/hardware_claim/claim.c.obj
 .debug_loclists
                0x000010e9      0x182 CMakeFiles/week1_uart.dir/C_/Users/uu0132127/.pico-sdk/sdk/1.5.1/src/rp2_common/hardware_sync/sync.c.obj
 .debug_loclists
                0x0000126b      0xdb7 CMakeFiles/week1_uart.dir/C_/Users/uu0132127/.pico-sdk/sdk/1.5.1/src/rp2_common/hardware_irq/irq.c.obj
 .debug_loclists
                0x00002022       0x50 CMakeFiles/week1_uart.dir/C_/Users/uu0132127/.pico-sdk/sdk/1.5.1/src/common/pico_sync/lock_core.c.obj
 .debug_loclists
                0x00002072      0xa5b CMakeFiles/week1_uart.dir/C_/Users/uu0132127/.pico-sdk/sdk/1.5.1/src/common/pico_sync/mutex.c.obj
 .debug_loclists
                0x00002acd     0x146a CMakeFiles/week1_uart.dir/C_/Users/uu0132127/.pico-sdk/sdk/1.5.1/src/common/pico_time/time.c.obj
 .debug_loclists
                0x00003f37      0x698 CMakeFiles/week1_uart.dir/C_/Users/uu0132127/.pico-sdk/sdk/1.5.1/src/rp2_common/hardware_timer/timer.c.obj
 .debug_loclists
                0x000045cf      0x7aa CMakeFiles/week1_uart.dir/C_/Users/uu0132127/.pico-sdk/sdk/1.5.1/src/common/pico_util/pheap.c.obj
 .debug_loclists
                0x00004d79      0x568 CMakeFiles/week1_uart.dir/C_/Users/uu0132127/.pico-sdk/sdk/1.5.1/src/rp2_common/hardware_uart/uart.c.obj
 .debug_loclists
                0x000052e1      0x5c2 CMakeFiles/week1_uart.dir/C_/Users/uu0132127/.pico-sdk/sdk/1.5.1/src/rp2_common/hardware_clocks/clocks.c.obj
 .debug_loclists
                0x000058a3      0x214 CMakeFiles/week1_uart.dir/C_/Users/uu0132127/.pico-sdk/sdk/1.5.1/src/rp2_common/hardware_pll/pll.c.obj
 .debug_loclists
                0x00005ab7      0x1fd CMakeFiles/week1_uart.dir/C_/Users/uu0132127/.pico-sdk/sdk/1.5.1/src/rp2_common/hardware_watchdog/watchdog.c.obj